Component: ARM Compiler 5.06 update 5 (build 528) Tool: armlink [4d35e2]

==============================================================================

Section Cross References

    startup_stm32f10x_md.o(STACK) refers (Special) to heapauxi.o(.text) for __use_two_region_memory
    startup_stm32f10x_md.o(HEAP) refers (Special) to heapauxi.o(.text) for __use_two_region_memory
    startup_stm32f10x_md.o(RESET) refers (Special) to heapauxi.o(.text) for __use_two_region_memory
    startup_stm32f10x_md.o(RESET) refers to startup_stm32f10x_md.o(STACK) for __initial_sp
    startup_stm32f10x_md.o(RESET) refers to startup_stm32f10x_md.o(.text) for Reset_Handler
    startup_stm32f10x_md.o(RESET) refers to stm32f10x_it.o(i.NMI_Handler) for NMI_Handler
    startup_stm32f10x_md.o(RESET) refers to stm32f10x_it.o(i.HardFault_Handler) for HardFault_Handler
    startup_stm32f10x_md.o(RESET) refers to stm32f10x_it.o(i.MemManage_Handler) for MemManage_Handler
    startup_stm32f10x_md.o(RESET) refers to stm32f10x_it.o(i.BusFault_Handler) for BusFault_Handler
    startup_stm32f10x_md.o(RESET) refers to stm32f10x_it.o(i.UsageFault_Handler) for UsageFault_Handler
    startup_stm32f10x_md.o(RESET) refers to stm32f10x_it.o(i.SVC_Handler) for SVC_Handler
    startup_stm32f10x_md.o(RESET) refers to stm32f10x_it.o(i.DebugMon_Handler) for DebugMon_Handler
    startup_stm32f10x_md.o(RESET) refers to stm32f10x_it.o(i.PendSV_Handler) for PendSV_Handler
    startup_stm32f10x_md.o(RESET) refers to stm32f10x_it.o(i.SysTick_Handler) for SysTick_Handler
    startup_stm32f10x_md.o(RESET) refers to timer.o(i.TIM2_IRQHandler) for TIM2_IRQHandler
    startup_stm32f10x_md.o(RESET) refers to serial.o(i.USART2_IRQHandler) for USART2_IRQHandler
    startup_stm32f10x_md.o(RESET) refers to serial.o(i.USART3_IRQHandler) for USART3_IRQHandler
    startup_stm32f10x_md.o(.text) refers (Special) to heapauxi.o(.text) for __use_two_region_memory
    startup_stm32f10x_md.o(.text) refers to system_stm32f10x.o(i.SystemInit) for SystemInit
    startup_stm32f10x_md.o(.text) refers to __main.o(!!!main) for __main
    startup_stm32f10x_md.o(.text) refers to startup_stm32f10x_md.o(HEAP) for Heap_Mem
    startup_stm32f10x_md.o(.text) refers to startup_stm32f10x_md.o(STACK) for Stack_Mem
    system_stm32f10x.o(i.SetSysClock) refers to system_stm32f10x.o(i.SetSysClockTo72) for SetSysClockTo72
    system_stm32f10x.o(i.SystemCoreClockUpdate) refers to system_stm32f10x.o(.data) for SystemCoreClock
    system_stm32f10x.o(i.SystemInit) refers to system_stm32f10x.o(i.SetSysClock) for SetSysClock
    stm32f10x_adc.o(i.ADC_DeInit) refers to stm32f10x_rcc.o(i.RCC_APB2PeriphResetCmd) for RCC_APB2PeriphResetCmd
    stm32f10x_bkp.o(i.BKP_DeInit) refers to stm32f10x_rcc.o(i.RCC_BackupResetCmd) for RCC_BackupResetCmd
    stm32f10x_can.o(i.CAN_DeInit) refers to stm32f10x_rcc.o(i.RCC_APB1PeriphResetCmd) for RCC_APB1PeriphResetCmd
    stm32f10x_can.o(i.CAN_GetITStatus) refers to stm32f10x_can.o(i.CheckITStatus) for CheckITStatus
    stm32f10x_cec.o(i.CEC_DeInit) refers to stm32f10x_rcc.o(i.RCC_APB1PeriphResetCmd) for RCC_APB1PeriphResetCmd
    stm32f10x_dac.o(i.DAC_DeInit) refers to stm32f10x_rcc.o(i.RCC_APB1PeriphResetCmd) for RCC_APB1PeriphResetCmd
    stm32f10x_flash.o(i.FLASH_EnableWriteProtection) refers to stm32f10x_flash.o(i.FLASH_WaitForLastOperation) for FLASH_WaitForLastOperation
    stm32f10x_flash.o(i.FLASH_EraseAllBank1Pages) refers to stm32f10x_flash.o(i.FLASH_WaitForLastBank1Operation) for FLASH_WaitForLastBank1Operation
    stm32f10x_flash.o(i.FLASH_EraseAllPages) refers to stm32f10x_flash.o(i.FLASH_WaitForLastOperation) for FLASH_WaitForLastOperation
    stm32f10x_flash.o(i.FLASH_EraseOptionBytes) refers to stm32f10x_flash.o(i.FLASH_GetReadOutProtectionStatus) for FLASH_GetReadOutProtectionStatus
    stm32f10x_flash.o(i.FLASH_EraseOptionBytes) refers to stm32f10x_flash.o(i.FLASH_WaitForLastOperation) for FLASH_WaitForLastOperation
    stm32f10x_flash.o(i.FLASH_ErasePage) refers to stm32f10x_flash.o(i.FLASH_WaitForLastOperation) for FLASH_WaitForLastOperation
    stm32f10x_flash.o(i.FLASH_ProgramHalfWord) refers to stm32f10x_flash.o(i.FLASH_WaitForLastOperation) for FLASH_WaitForLastOperation
    stm32f10x_flash.o(i.FLASH_ProgramOptionByteData) refers to stm32f10x_flash.o(i.FLASH_WaitForLastOperation) for FLASH_WaitForLastOperation
    stm32f10x_flash.o(i.FLASH_ProgramWord) refers to stm32f10x_flash.o(i.FLASH_WaitForLastOperation) for FLASH_WaitForLastOperation
    stm32f10x_flash.o(i.FLASH_ReadOutProtection) refers to stm32f10x_flash.o(i.FLASH_WaitForLastOperation) for FLASH_WaitForLastOperation
    stm32f10x_flash.o(i.FLASH_UserOptionByteConfig) refers to stm32f10x_flash.o(i.FLASH_WaitForLastOperation) for FLASH_WaitForLastOperation
    stm32f10x_flash.o(i.FLASH_WaitForLastBank1Operation) refers to stm32f10x_flash.o(i.FLASH_GetBank1Status) for FLASH_GetBank1Status
[...]
    _init_user_alloc                          - Undefined Weak Reference
    _initio                                   - Undefined Weak Reference
    _printf_mbtowc                            - Undefined Weak Reference
    _printf_wc                                - Undefined Weak Reference
    _rand_init                                - Undefined Weak Reference
    _signal_finish                            - Undefined Weak Reference
    _signal_init                              - Undefined Weak Reference
    _terminate_alloc                          - Undefined Weak Reference
    _terminate_user_alloc                     - Undefined Weak Reference
    _terminateio                              - Undefined Weak Reference
    __Vectors_Size                           0x000000ec   Number         0  startup_stm32f10x_md.o ABSOLUTE
    __Vectors                                0x08000000   Data           4  startup_stm32f10x_md.o(RESET)
    __Vectors_End                            0x080000ec   Data           0  startup_stm32f10x_md.o(RESET)
    __main                                   0x080000ed   Thumb Code     8  __main.o(!!!main)
    __scatterload                            0x080000f5   Thumb Code     0  __scatter.o(!!!scatter)
    __scatterload_rt2                        0x080000f5   Thumb Code    44  __scatter.o(!!!scatter)
    __scatterload_rt2_thumb_only             0x080000f5   Thumb Code     0  __scatter.o(!!!scatter)
    __scatterload_null                       0x08000103   Thumb Code     0  __scatter.o(!!!scatter)
    __scatterload_copy                       0x08000129   Thumb Code    26  __scatter_copy.o(!!handler_copy)
    __scatterload_zeroinit                   0x08000145   Thumb Code    28  __scatter_zi.o(!!handler_zi)
    _printf_n                                0x08000161   Thumb Code     0  _printf_n.o(.ARM.Collect$$_printf_percent$$00000001)
    _printf_percent                          0x08000161   Thumb Code     0  _printf_percent.o(.ARM.Collect$$_printf_percent$$00000000)
    _printf_p                                0x08000167   Thumb Code     0  _printf_p.o(.ARM.Collect$$_printf_percent$$00000002)
    _printf_f                                0x0800016d   Thumb Code     0  _printf_f.o(.ARM.Collect$$_printf_percent$$00000003)
    _printf_e                                0x08000173   Thumb Code     0  _printf_e.o(.ARM.Collect$$_printf_percent$$00000004)
    _printf_g                                0x08000179   Thumb Code     0  _printf_g.o(.ARM.Collect$$_printf_percent$$00000005)
    _printf_a                                0x0800017f   Thumb Code     0  _printf_a.o(.ARM.Collect$$_printf_percent$$00000006)
    _printf_ll                               0x08000185   Thumb Code     0  _printf_ll.o(.ARM.Collect$$_printf_percent$$00000007)
    _printf_i                                0x0800018f   Thumb Code     0  _printf_i.o(.ARM.Collect$$_printf_percent$$00000008)
    _printf_d                                0x08000195   Thumb Code     0  _printf_d.o(.ARM.Collect$$_printf_percent$$00000009)
    _printf_u                                0x0800019b   Thumb Code     0  _printf_u.o(.ARM.Collect$$_printf_percent$$0000000A)
    _printf_o                                0x080001a1   Thumb Code     0  _printf_o.o(.ARM.Collect$$_printf_percent$$0000000B)
    _printf_x                                0x080001a7   Thumb Code     0  _printf_x.o(.ARM.Collect$$_printf_percent$$0000000C)
    _printf_lli                              0x080001ad   Thumb Code     0  _printf_lli.o(.ARM.Collect$$_printf_percent$$0000000D)
    _printf_lld                              0x080001b3   Thumb Code     0  _printf_lld.o(.ARM.Collect$$_printf_percent$$0000000E)
    _printf_llu                              0x080001b9   Thumb Code     0  _printf_llu.o(.ARM.Collect$$_printf_percent$$0000000F)
    _printf_llo                              0x080001bf   Thumb Code     0  _printf_llo.o(.ARM.Collect$$_printf_percent$$00000010)
    _printf_llx                              0x080001c5   Thumb Code     0  _printf_llx.o(.ARM.Collect$$_printf_percent$$00000011)
    _printf_l                                0x080001cb   Thumb Code     0  _printf_l.o(.ARM.Collect$$_printf_percent$$00000012)
    _printf_c                                0x080001d5   Thumb Code     0  _printf_c.o(.ARM.Collect$$_printf_percent$$00000013)
    _printf_s                                0x080001db   Thumb Code     0  _printf_s.o(.ARM.Collect$$_printf_percent$$00000014)
    _printf_lc                               0x080001e1   Thumb Code     0  _printf_lc.o(.ARM.Collect$$_printf_percent$$00000015)
    _printf_ls                               0x080001e7   Thumb Code     0  _printf_ls.o(.ARM.Collect$$_printf_percent$$00000016)
    _printf_percent_end                      0x080001ed   Thumb Code     0  _printf_percent_end.o(.ARM.Collect$$_printf_percent$$00000017)
    __rt_lib_init                            0x080001f1   Thumb Code     0  libinit.o(.ARM.Collect$$libinit$$00000000)
    __rt_lib_init_fp_1                       0x080001f3   Thumb Code     0  libinit2.o(.ARM.Collect$$libinit$$00000002)
    __rt_lib_init_heap_1                     0x080001f3   Thumb Code     0  libinit2.o(.ARM.Collect$$libinit$$0000000A)
    __rt_lib_init_lc_common                  0x080001f3   Thumb Code     0  libinit2.o(.ARM.Collect$$libinit$$0000000F)
    __rt_lib_init_preinit_1                  0x080001f3   Thumb Code     0  libinit2.o(.ARM.Collect$$libinit$$00000004)
    __rt_lib_init_rand_1                     0x080001f3   Thumb Code     0  libinit2.o(.ARM.Collect$$libinit$$0000000E)
    __rt_lib_init_user_alloc_1               0x080001f3   Thumb Code     0  libinit2.o(.ARM.Collect$$libinit$$0000000C)
    __rt_lib_init_lc_collate_1               0x080001f9   Thumb Code     0  libinit2.o(.ARM.Collect$$libinit$$00000011)
    __rt_lib_init_lc_ctype_2                 0x080001f9   Thumb Code     0  libinit2.o(.ARM.Collect$$libinit$$00000012)
    __rt_lib_init_lc_ctype_1                 0x08000205   Thumb Code     0  libinit2.o(.ARM.Collect$$libinit$$00000013)
    __rt_lib_init_lc_monetary_1              0x08000205   Thumb Code     0  libinit2.o(.ARM.Collect$$libinit$$00000015)
    __rt_lib_init_lc_numeric_2               0x08000205   Thumb Code     0  libinit2.o(.ARM.Collect$$libinit$$00000016)
    __rt_lib_init_alloca_1                   0x0800020f   Thumb Code     0  libinit2.o(.ARM.Collect$$libinit$$0000002E)
    __rt_lib_init_argv_1                     0x0800020f   Thumb Code     0  libinit2.o(.ARM.Collect$$libinit$$0000002C)
    __rt_lib_init_atexit_1                   0x0800020f   Thumb Code     0  libinit2.o(.ARM.Collect$$libinit$$0000001B)
    __rt_lib_init_clock_1                    0x0800020f   Thumb Code     0  libinit2.o(.ARM.Collect$$libinit$$00000021)
    __rt_lib_init_cpp_1                      0x0800020f   Thumb Code     0  libinit2.o(.ARM.Collect$$libinit$$00000032)
    __rt_lib_init_exceptions_1               0x0800020f   Thumb Code     0  libinit2.o(.ARM.Collect$$libinit$$00000030)
    __rt_lib_init_fp_trap_1                  0x0800020f   Thumb Code     0  libinit2.o(.ARM.Collect$$libinit$$0000001F)
    __rt_lib_init_getenv_1                   0x0800020f   Thumb Code     0  libinit2.o(.ARM.Collect$$libinit$$00000023)
    __rt_lib_init_lc_numeric_1               0x0800020f   Thumb Code     0  libinit2.o(.ARM.Collect$$libinit$$00000017)
    __rt_lib_init_lc_time_1                  0x0800020f   Thumb Code     0  libinit2.o(.ARM.Collect$$libinit$$00000019)
    __rt_lib_init_return                     0x0800020f   Thumb Code     0  libinit2.o(.ARM.Collect$$libinit$$00000033)
    __rt_lib_init_signal_1                   0x0800020f   Thumb Code     0  libinit2.o(.ARM.Collect$$libinit$$0000001D)
    __rt_lib_init_stdio_1                    0x0800020f   Thumb Code     0  libinit2.o(.ARM.Collect$$libinit$$00000025)
    __rt_lib_shutdown                        0x08000211   Thumb Code     0  libshutdown.o(.ARM.Collect$$libshutdown$$00000000)
    __rt_lib_shutdown_cpp_1                  0x08000213   Thumb Code     0  libshutdown2.o(.ARM.Collect$$libshutdown$$00000002)
    __rt_lib_shutdown_fp_trap_1              0x08000213   Thumb Code     0  libshutdown2.o(.ARM.Collect$$libshutdown$$00000007)
    __rt_lib_shutdown_heap_1                 0x08000213   Thumb Code     0  libshutdown2.o(.ARM.Collect$$libshutdown$$0000000F)
    __rt_lib_shutdown_return                 0x08000213   Thumb Code     0  libshutdown2.o(.ARM.Collect$$libshutdown$$00000010)
    __rt_lib_shutdown_signal_1               0x08000213   Thumb Code     0  libshutdown2.o(.ARM.Collect$$libshutdown$$0000000A)
    __rt_lib_shutdown_stdio_1                0x08000213   Thumb Code     0  libshutdown2.o(.ARM.Collect$$libshutdown$$00000004)
    __rt_lib_shutdown_user_alloc_1           0x08000213   Thumb Code     0  libshutdown2.o(.ARM.Collect$$libshutdown$$0000000C)
    __rt_entry                               0x08000215   Thumb Code     0  __rtentry.o(.ARM.Collect$$rtentry$$00000000)
    __rt_entry_presh_1                       0x08000215   Thumb Code     0  __rtentry2.o(.ARM.Collect$$rtentry$$00000002)
    __rt_entry_sh                            0x08000215   Thumb Code     0  __rtentry4.o(.ARM.Collect$$rtentry$$00000004)
    __rt_entry_li                            0x0800021b   Thumb Code     0  __rtentry2.o(.ARM.Collect$$rtentry$$0000000A)
    __rt_entry_postsh_1                      0x0800021b   Thumb Code     0  __rtentry2.o(.ARM.Collect$$rtentry$$00000009)
    __rt_entry_main                          0x0800021f   Thumb Code     0  __rtentry2.o(.ARM.Collect$$rtentry$$0000000D)
    __rt_entry_postli_1                      0x0800021f   Thumb Code     0  __rtentry2.o(.ARM.Collect$$rtentry$$0000000C)
    __rt_exit                                0x08000227   Thumb Code     0  rtexit.o(.ARM.Collect$$rtexit$$00000000)
    __rt_exit_ls                             0x08000229   Thumb Code     0  rtexit2.o(.ARM.Collect$$rtexit$$00000003)
    __rt_exit_prels_1                        0x08000229   Thumb Code     0  rtexit2.o(.ARM.Collect$$rtexit$$00000002)
    __rt_exit_exit                           0x0800022d   Thumb Code     0  rtexit2.o(.ARM.Collect$$rtexit$$00000004)
    Reset_Handler                            0x08000235   Thumb Code     8  startup_stm32f10x_md.o(.text)
    ADC1_2_IRQHandler                        0x0800024f   Thumb Code     0  startup_stm32f10x_md.o(.text)
    CAN1_RX1_IRQHandler                      0x0800024f   Thumb Code     0  startup_stm32f10x_md.o(.text)
    CAN1_SCE_IRQHandler                      0x0800024f   Thumb Code     0  startup_stm32f10x_md.o(.text)
    DMA1_Channel1_IRQHandler                 0x0800024f   Thumb Code     0  startup_stm32f10x_md.o(.text)
    DMA1_Channel2_IRQHandler                 0x0800024f   Thumb Code     0  startup_stm32f10x_md.o(.text)
    DMA1_Channel3_IRQHandler                 0x0800024f   Thumb Code     0  startup_stm32f10x_md.o(.text)
    DMA1_Channel4_IRQHandler                 0x0800024f   Thumb Code     0  startup_stm32f10x_md.o(.text)
    DMA1_Channel5_IRQHandler                 0x0800024f   Thumb Code     0  startup_stm32f10x_md.o(.text)
    DMA1_Channel6_IRQHandler                 0x0800024f   Thumb Code     0  startup_stm32f10x_md.o(.text)
    DMA1_Channel7_IRQHandler                 0x0800024f   Thumb Code     0  startup_stm32f10x_md.o(.text)
    EXTI0_IRQHandler                         0x0800024f   Thumb Code     0  startup_stm32f10x_md.o(.text)
    EXTI15_10_IRQHandler                     0x0800024f   Thumb Code     0  startup_stm32f10x_md.o(.text)
    EXTI1_IRQHandler                         0x0800024f   Thumb Code     0  startup_stm32f10x_md.o(.text)
    EXTI2_IRQHandler                         0x0800024f   Thumb Code     0  startup_stm32f10x_md.o(.text)
    EXTI3_IRQHandler                         0x0800024f   Thumb Code     0  startup_stm32f10x_md.o(.text)
    EXTI4_IRQHandler                         0x0800024f   Thumb Code     0  startup_stm32f10x_md.o(.text)
    EXTI9_5_IRQHandler                       0x0800024f   Thumb Code     0  startup_stm32f10x_md.o(.text)
    FLASH_IRQHandler                         0x0800024f   Thumb Code     0  startup_stm32f10x_md.o(.text)
    I2C1_ER_IRQHandler                       0x0800024f   Thumb Code     0  startup_stm32f10x_md.o(.text)
    I2C1_EV_IRQHandler                       0x0800024f   Thumb Code     0  startup_stm32f10x_md.o(.text)
    I2C2_ER_IRQHandler                       0x0800024f   Thumb Code     0  startup_stm32f10x_md.o(.text)
    I2C2_EV_IRQHandler                       0x0800024f   Thumb Code     0  startup_stm32f10x_md.o(.text)
    PVD_IRQHandler                           0x0800024f   Thumb Code     0  startup_stm32f10x_md.o(.text)
    RCC_IRQHandler                           0x0800024f   Thumb Code     0  startup_stm32f10x_md.o(.text)
    RTCAlarm_IRQHandler                      0x0800024f   Thumb Code     0  startup_stm32f10x_md.o(.text)
    RTC_IRQHandler                           0x0800024f   Thumb Code     0  startup_stm32f10x_md.o(.text)
    SPI1_IRQHandler                          0x0800024f   Thumb Code     0  startup_stm32f10x_md.o(.text)
    SPI2_IRQHandler                          0x0800024f   Thumb Code     0  startup_stm32f10x_md.o(.text)
    TAMPER_IRQHandler                        0x0800024f   Thumb Code     0  startup_stm32f10x_md.o(.text)
    TIM1_BRK_IRQHandler                      0x0800024f   Thumb Code     0  startup_stm32f10x_md.o(.text)
    TIM1_CC_IRQHandler                       0x0800024f   Thumb Code     0  startup_stm32f10x_md.o(.text)
    TIM1_TRG_COM_IRQHandler                  0x0800024f   Thumb Code     0  startup_stm32f10x_md.o(.text)
    TIM1_UP_IRQHandler                       0x0800024f   Thumb Code     0  startup_stm32f10x_md.o(.text)
    TIM3_IRQHandler                          0x0800024f   Thumb Code     0  startup_stm32f10x_md.o(.text)
    TIM4_IRQHandler                          0x0800024f   Thumb Code     0  startup_stm32f10x_md.o(.text)
    USART1_IRQHandler                        0x0800024f   Thumb Code     0  startup_stm32f10x_md.o(.text)
    USBWakeUp_IRQHandler                     0x0800024f   Thumb Code     0  startup_stm32f10x_md.o(.text)
    USB_HP_CAN1_TX_IRQHandler                0x0800024f   Thumb Code     0  startup_stm32f10x_md.o(.text)
    USB_LP_CAN1_RX0_IRQHandler               0x0800024f   Thumb Code     0  startup_stm32f10x_md.o(.text)
    WWDG_IRQHandler                          0x0800024f   Thumb Code     0  startup_stm32f10x_md.o(.text)
    __user_initial_stackheap                 0x08000251   Thumb Code     0  startup_stm32f10x_md.o(.text)
    vsprintf                                 0x08000275   Thumb Code    32  vsprintf.o(.text)
    __2sprintf                               0x08000299   Thumb Code    38  __2sprintf.o(.text)
    __2snprintf                              0x080002c5   Thumb Code    50  __2snprintf.o(.text)
    _printf_str                              0x080002fd   Thumb Code    82  _printf_str.o(.text)
    _printf_int_dec                          0x08000351   Thumb Code   104  _printf_dec.o(.text)
    __printf                                 0x080003c9   Thumb Code   388  __printf_flags_ss_wp.o(.text)
    atoi                                     0x08000551   Thumb Code    26  atoi.o(.text)
    _strtok_r                                0x0800056b   Thumb Code     4  strtok_r.o(.text)
    strtok_r                                 0x0800056b   Thumb Code     0  strtok_r.o(.text)
    strchr                                   0x0800056f   Thumb Code    20  strchr.o(.text)
    strstr                                   0x08000583   Thumb Code    36  strstr.o(.text)
    strcpy                                   0x080005a7   Thumb Code    72  strcpy.o(.text)
    __aeabi_memcpy                           0x080005ef   Thumb Code     0  rt_memcpy_v6.o(.text)
    __rt_memcpy                              0x080005ef   Thumb Code   138  rt_memcpy_v6.o(.text)
    _memcpy_lastbytes                        0x08000655   Thumb Code     0  rt_memcpy_v6.o(.text)
    __aeabi_memclr                           0x08000679   Thumb Code     0  rt_memclr.o(.text)
    __rt_memclr                              0x08000679   Thumb Code    68  rt_memclr.o(.text)
    _memset                                  0x0800067d   Thumb Code     0  rt_memclr.o(.text)
    __aeabi_memclr4                          0x080006bd   Thumb Code     0  rt_memclr_w.o(.text)
    __aeabi_memclr8                          0x080006bd   Thumb Code     0  rt_memclr_w.o(.text)
    __rt_memclr_w                            0x080006bd   Thumb Code    78  rt_memclr_w.o(.text)
    _memset_w                                0x080006c1   Thumb Code     0  rt_memclr_w.o(.text)
    strncpy                                  0x0800070b   Thumb Code    86  strncpy.o(.text)
    strcmp                                   0x08000761   Thumb Code   128  strcmpv7m.o(.text)
    __use_two_region_memory                  0x080007e1   Thumb Code     2  heapauxi.o(.text)
    __rt_heap_escrow$2region                 0x080007e3   Thumb Code     2  heapauxi.o(.text)
    __rt_heap_expand$2region                 0x080007e5   Thumb Code     2  heapauxi.o(.text)
    __aeabi_errno_addr                       0x080007e9   Thumb Code     8  rt_errno_addr_intlibspace.o(.text)
    __errno$intlibspace                      0x080007e9   Thumb Code     0  rt_errno_addr_intlibspace.o(.text)
    __rt_errno_addr$intlibspace              0x080007e9   Thumb Code     0  rt_errno_addr_intlibspace.o(.text)
    __read_errno                             0x080007f1   Thumb Code    10  _rserrno.o(.text)
    __set_errno                              0x080007fb   Thumb Code    12  _rserrno.o(.text)
    _printf_pre_padding                      0x08000807   Thumb Code    44  _printf_pad.o(.text)
    _printf_post_padding                     0x08000833   Thumb Code    34  _printf_pad.o(.text)
    _printf_truncate_signed                  0x08000855   Thumb Code    18  _printf_truncate.o(.text)
    _printf_truncate_unsigned                0x08000867   Thumb Code    18  _printf_truncate.o(.text)
    _printf_int_common                       0x08000879   Thumb Code   178  _printf_intcommon.o(.text)
    _printf_charcount                        0x0800092b   Thumb Code    40  _printf_charcount.o(.text)
    _printf_char_common                      0x0800095f   Thumb Code    32  _printf_char_common.o(.text)
    _sputc                                   0x08000985   Thumb Code    10  _sputc.o(.text)
    _snputc                                  0x0800098f   Thumb Code    16  _snputc.o(.text)
    _printf_cs_common                        0x0800099f   Thumb Code    20  _printf_char.o(.text)
    _printf_char                             0x080009b3   Thumb Code    16  _printf_char.o(.text)
    _printf_string                           0x080009c3   Thumb Code     8  _printf_char.o(.text)
    _printf_wctomb                           0x080009cd   Thumb Code   182  _printf_wctomb.o(.text)
    _printf_longlong_dec                     0x08000a89   Thumb Code   108  _printf_longlong_dec.o(.text)
    _printf_longlong_oct                     0x08000b05   Thumb Code    66  _printf_oct_int_ll.o(.text)
    _printf_int_oct                          0x08000b47   Thumb Code    24  _printf_oct_int_ll.o(.text)
    _printf_ll_oct                           0x08000b5f   Thumb Code    12  _printf_oct_int_ll.o(.text)
    _printf_longlong_hex                     0x08000b75   Thumb Code    86  _printf_hex_int_ll_ptr.o(.text)
    _printf_int_hex                          0x08000bcb   Thumb Code    28  _printf_hex_int_ll_ptr.o(.text)
    _printf_ll_hex                           0x08000be7   Thumb Code    12  _printf_hex_int_ll_ptr.o(.text)
    _printf_hex_ptr                          0x08000bf3   Thumb Code    18  _printf_hex_int_ll_ptr.o(.text)
    strtol                                   0x08000c09   Thumb Code   112  strtol.o(.text)
    __strtok_internal                        0x08000c79   Thumb Code    64  strtok_int.o(.text)
    __aeabi_memcpy4                          0x08000cbd   Thumb Code     0  rt_memcpy_w.o(.text)
    __aeabi_memcpy8                          0x08000cbd   Thumb Code     0  rt_memcpy_w.o(.text)
    __rt_memcpy_w                            0x08000cbd   Thumb Code   100  rt_memcpy_w.o(.text)
    _memcpy_lastbytes_aligned                0x08000d05   Thumb Code     0  rt_memcpy_w.o(.text)
    __user_libspace                          0x08000d21   Thumb Code     8  libspace.o(.text)
    __user_perproc_libspace                  0x08000d21   Thumb Code     0  libspace.o(.text)
    __user_perthread_libspace                0x08000d21   Thumb Code     0  libspace.o(.text)
    __rt_ctype_table                         0x08000d29   Thumb Code    16  rt_ctype_table.o(.text)
    _ll_udiv10                               0x08000d39   Thumb Code   138  lludiv10.o(.text)
    __lib_sel_fp_printf                      0x08000dc3   Thumb Code     2  _printf_fp_dec.o(.text)
    _printf_fp_dec_real                      0x08000f75   Thumb Code   620  _printf_fp_dec.o(.text)
    _printf_fp_hex_real                      0x080011e1   Thumb Code   756  _printf_fp_hex.o(.text)
    _printf_lcs_common                       0x080014dd   Thumb Code    20  _printf_wchar.o(.text)
    _printf_wchar                            0x080014f1   Thumb Code    16  _printf_wchar.o(.text)
    _printf_wstring                          0x08001501   Thumb Code     8  _printf_wchar.o(.text)
    _strtoul                                 0x08001509   Thumb Code   158  _strtoul.o(.text)
    _wcrtomb                                 0x080015a7   Thumb Code    64  _wcrtomb.o(.text)
    strcspn                                  0x080015e7   Thumb Code    32  strcspn.o(.text)
    strspn                                   0x08001607   Thumb Code    28  strspn.o(.text)
    __user_setup_stackheap                   0x08001623   Thumb Code    74  sys_stackheap_outer.o(.text)
    __rt_locale                              0x0800166d   Thumb Code     8  rt_locale_intlibspace.o(.text)
    _printf_fp_infnan                        0x08001675   Thumb Code   112  _printf_fp_infnan.o(.text)
    _chval                                   0x080016f5   Thumb Code    28  _chval.o(.text)
    _btod_etento                             0x08001711   Thumb Code   224  bigflt0.o(.text)
    exit                                     0x080017f5   Thumb Code    18  exit.o(.text)
    _sys_exit                                0x08001809   Thumb Code     8  sys_exit.o(.text)
    __I$use$semihosting                      0x08001815   Thumb Code     0  use_no_semi.o(.text)
    __use_no_semihosting_swi                 0x08001815   Thumb Code     2  use_no_semi.o(.text)
    __semihosting_library_function           0x08001817   Thumb Code     0  indicate_semi.o(.text)
    _btod_d2e                                0x08001817   Thumb Code    62  btod.o(CL$$btod_d2e)
    _d2e_denorm_low                          0x08001855   Thumb Code    70  btod.o(CL$$btod_d2e_denorm_low)
    _d2e_norm_op1                            0x0800189b   Thumb Code    96  btod.o(CL$$btod_d2e_norm_op1)
    __btod_div_common                        0x080018fb   Thumb Code   696  btod.o(CL$$btod_div_common)
    _e2e                                     0x08001c33   Thumb Code   220  btod.o(CL$$btod_e2e)
    _btod_ediv                               0x08001d0f   Thumb Code    42  btod.o(CL$$btod_ediv)
    _btod_emul                               0x08001d39   Thumb Code    42  btod.o(CL$$btod_emul)
    __btod_mult_common                       0x08001d63   Thumb Code   580  btod.o(CL$$btod_mult_common)
    ADCX_GetAverage                          0x08001fa7   Thumb Code    44  adcx.o(i.ADCX_GetAverage)
    ADCX_GetValue                            0x08001fd5   Thumb Code    48  adcx.o(i.ADCX_GetValue)
    ADCX_Init                                0x08002009   Thumb Code   104  adcx.o(i.ADCX_Init)
    ADC_Cmd                                  0x08002075   Thumb Code    22  stm32f10x_adc.o(i.ADC_Cmd)
    ADC_GetCalibrationStatus                 0x0800208b   Thumb Code    20  stm32f10x_adc.o(i.ADC_GetCalibrationStatus)
    ADC_GetConversionValue                   0x0800209f   Thumb Code     8  stm32f10x_adc.o(i.ADC_GetConversionValue)
    ADC_GetFlagStatus                        0x080020a7   Thumb Code    18  stm32f10x_adc.o(i.ADC_GetFlagStatus)
    ADC_GetResetCalibrationStatus            0x080020b9   Thumb Code    20  stm32f10x_adc.o(i.ADC_GetResetCalibrationStatus)
    ADC_Init                                 0x080020cd   Thumb Code    70  stm32f10x_adc.o(i.ADC_Init)
    ADC_RegularChannelConfig                 0x0800211d   Thumb Code   184  stm32f10x_adc.o(i.ADC_RegularChannelConfig)
    ADC_ResetCalibration                     0x080021d5   Thumb Code    10  stm32f10x_adc.o(i.ADC_ResetCalibration)
    ADC_SoftwareStartConvCmd                 0x080021df   Thumb Code    22  stm32f10x_adc.o(i.ADC_SoftwareStartConvCmd)
    ADC_StartCalibration                     0x080021f5   Thumb Code    10  stm32f10x_adc.o(i.ADC_StartCalibration)
    BusFault_Handler                         0x080021ff   Thumb Code     4  stm32f10x_it.o(i.BusFault_Handler)
    Buzzer_GetHumiThreshold                  0x08002205   Thumb Code     6  buzzer.o(i.Buzzer_GetHumiThreshold)
    Buzzer_GetLightThreshold                 0x08002211   Thumb Code     6  buzzer.o(i.Buzzer_GetLightThreshold)
    Buzzer_GetTempThreshold                  0x0800221d   Thumb Code     6  buzzer.o(i.Buzzer_GetTempThreshold)
    Buzzer_GetWaterThreshold                 0x08002229   Thumb Code     6  buzzer.o(i.Buzzer_GetWaterThreshold)
    Buzzer_Init                              0x08002235   Thumb Code    56  buzzer.o(i.Buzzer_Init)
    Buzzer_Off                               0x08002275   Thumb Code    26  buzzer.o(i.Buzzer_Off)
    Buzzer_On                                0x08002299   Thumb Code    26  buzzer.o(i.Buzzer_On)
    Buzzer_SetHumiThreshold                  0x080022bd   Thumb Code     6  buzzer.o(i.Buzzer_SetHumiThreshold)
    Buzzer_SetLightThreshold                 0x080022c9   Thumb Code     6  buzzer.o(i.Buzzer_SetLightThreshold)
    Buzzer_SetTempThreshold                  0x080022d5   Thumb Code     6  buzzer.o(i.Buzzer_SetTempThreshold)
    Buzzer_SetWaterThreshold                 0x080022e1   Thumb Code     6  buzzer.o(i.Buzzer_SetWaterThreshold)
    DHT11_Init                               0x08002549   Thumb Code    20  dht11.o(i.DHT11_Init)
    DHT11_ReadData                           0x080025d7   Thumb Code    86  dht11.o(i.DHT11_ReadData)
    DebugMon_Handler                         0x08002659   Thumb Code     2  stm32f10x_it.o(i.DebugMon_Handler)
    Delay_ms                                 0x0800265b   Thumb Code    24  delay.o(i.Delay_ms)
    Delay_us                                 0x08002673   Thumb Code    46  delay.o(i.Delay_us)
    ESP01S_AT_Test                           0x080026a1   Thumb Code    44  esp01s.o(i.ESP01S_AT_Test)
    ESP01S_ClearRxBuffer                     0x080026d5   Thumb Code     8  esp01s.o(i.ESP01S_ClearRxBuffer)
    ESP01S_ConnectAP                         0x080026dd   Thumb Code    46  esp01s.o(i.ESP01S_ConnectAP)
    ESP01S_GetConnectionStatus               0x08002735   Thumb Code    82  esp01s.o(i.ESP01S_GetConnectionStatus)
    ESP01S_GetIP                             0x080027c5   Thumb Code   150  esp01s.o(i.ESP01S_GetIP)
    ESP01S_Init                              0x08002885   Thumb Code    22  esp01s.o(i.ESP01S_Init)
    ESP01S_ReceiveData                       0x080028b9   Thumb Code   122  esp01s.o(i.ESP01S_ReceiveData)
    ESP01S_SendData                          0x08002971   Thumb Code   160  esp01s.o(i.ESP01S_SendData)
    ESP01S_SetMode                           0x08002b09   Thumb Code    32  esp01s.o(i.ESP01S_SetMode)
    ESP01S_SetMultiConnection                0x08002b3d   Thumb Code    16  esp01s.o(i.ESP01S_SetMultiConnection)
    ESP01S_StartServer                       0x08002b5d   Thumb Code    36  esp01s.o(i.ESP01S_StartServer)
    Filter_SensorData                        0x08002cb1   Thumb Code   102  filter.o(i.Filter_SensorData)
    GPIO_Init                                0x08002d79   Thumb Code   278  stm32f10x_gpio.o(i.GPIO_Init)
    GPIO_ReadInputDataBit                    0x08002e8f   Thumb Code    18  stm32f10x_gpio.o(i.GPIO_ReadInputDataBit)
    GPIO_ResetBits                           0x08002ea1   Thumb Code     4  stm32f10x_gpio.o(i.GPIO_ResetBits)
    GPIO_SetBits                             0x08002ea5   Thumb Code     4  stm32f10x_gpio.o(i.GPIO_SetBits)
    GPIO_WriteBit                            0x08002ea9   Thumb Code    10  stm32f10x_gpio.o(i.GPIO_WriteBit)
    HardFault_Handler                        0x08002eb3   Thumb Code     4  stm32f10x_it.o(i.HardFault_Handler)
    LDR_ADC_Read                             0x08002eb7   Thumb Code    12  ldr.o(i.LDR_ADC_Read)
    LDR_Average_Data                         0x08002ec3   Thumb Code    42  ldr.o(i.LDR_Average_Data)
    LDR_Init                                 0x08002eed   Thumb Code    32  ldr.o(i.LDR_Init)
    LDR_LuxData                              0x08002f11   Thumb Code   126  ldr.o(i.LDR_LuxData)
    MemManage_Handler                        0x08002fa5   Thumb Code     4  stm32f10x_it.o(i.MemManage_Handler)
    NMI_Handler                              0x08002fa9   Thumb Code     2  stm32f10x_it.o(i.NMI_Handler)
    NVIC_Init                                0x08002fad   Thumb Code   100  misc.o(i.NVIC_Init)
    NVIC_PriorityGroupConfig                 0x0800301d   Thumb Code    10  misc.o(i.NVIC_PriorityGroupConfig)
    OLED_Clear                               0x08003031   Thumb Code    42  oled.o(i.OLED_Clear)
    OLED_I2C_Init                            0x0800305d   Thumb Code    76  oled.o(i.OLED_I2C_Init)
    OLED_I2C_SendByte                        0x080030ad   Thumb Code    88  oled.o(i.OLED_I2C_SendByte)
    OLED_I2C_Start                           0x08003109   Thumb Code    48  oled.o(i.OLED_I2C_Start)
    OLED_I2C_Stop                            0x0800313d   Thumb Code    36  oled.o(i.OLED_I2C_Stop)
    OLED_Init                                0x08003165   Thumb Code   174  oled.o(i.OLED_Init)
    OLED_Pow                                 0x08003213   Thumb Code    20  oled.o(i.OLED_Pow)
    OLED_SetCursor                           0x080032a9   Thumb Code    34  oled.o(i.OLED_SetCursor)
    OLED_ShowChar                            0x080032cd   Thumb Code   110  oled.o(i.OLED_ShowChar)
    OLED_ShowChinese                         0x08003341   Thumb Code   110  oled.o(i.OLED_ShowChinese)
    OLED_ShowNum                             0x0800347d   Thumb Code    68  oled.o(i.OLED_ShowNum)
    OLED_ShowString                          0x080034c1   Thumb Code    40  oled.o(i.OLED_ShowString)
    OLED_WriteCommand                        0x08003561   Thumb Code    32  oled.o(i.OLED_WriteCommand)
    OLED_WriteData                           0x08003581   Thumb Code    32  oled.o(i.OLED_WriteData)
    PendSV_Handler                           0x08003901   Thumb Code     2  stm32f10x_it.o(i.PendSV_Handler)
    RCC_ADCCLKConfig                         0x08003a05   Thumb Code    18  stm32f10x_rcc.o(i.RCC_ADCCLKConfig)
    RCC_APB1PeriphClockCmd                   0x08003a1d   Thumb Code    26  stm32f10x_rcc.o(i.RCC_APB1PeriphClockCmd)
    RCC_APB2PeriphClockCmd                   0x08003a3d   Thumb Code    26  stm32f10x_rcc.o(i.RCC_APB2PeriphClockCmd)
    RCC_GetClocksFreq                        0x08003a5d   Thumb Code   192  stm32f10x_rcc.o(i.RCC_GetClocksFreq)
    Relay_Control                            0x08003b65   Thumb Code    30  relay.o(i.Relay_Control)
    Relay_Init                               0x08003b89   Thumb Code    50  relay.o(i.Relay_Init)
    SVC_Handler                              0x08003bc1   Thumb Code     2  stm32f10x_it.o(i.SVC_Handler)
    Serial1_ClearRxBuffer                    0x08003d15   Thumb Code    42  serial.o(i.Serial1_ClearRxBuffer)
    Serial1_Init                             0x08003d45   Thumb Code   156  serial.o(i.Serial1_Init)
    Serial1_SendByte                         0x08003e15   Thumb Code    28  serial.o(i.Serial1_SendByte)
    Serial1_SendString                       0x08003e35   Thumb Code    36  serial.o(i.Serial1_SendString)
    Serial2_Init                             0x08003e5d   Thumb Code   142  serial.o(i.Serial2_Init)
    Serial2_Printf                           0x08003f3d   Thumb Code    50  serial.o(i.Serial2_Printf)
    Serial2_SendByte                         0x08003f71   Thumb Code    28  serial.o(i.Serial2_SendByte)
    SysTick_Handler                          0x08004079   Thumb Code     2  stm32f10x_it.o(i.SysTick_Handler)
    SystemInit                               0x0800407d   Thumb Code    78  system_stm32f10x.o(i.SystemInit)
    TIM2_IRQHandler                          0x080040dd   Thumb Code   236  timer.o(i.TIM2_IRQHandler)
    TIM_ClearFlag                            0x080041f9   Thumb Code     6  stm32f10x_tim.o(i.TIM_ClearFlag)
    TIM_ClearITPendingBit                    0x080041ff   Thumb Code     6  stm32f10x_tim.o(i.TIM_ClearITPendingBit)
    TIM_Cmd                                  0x08004205   Thumb Code    24  stm32f10x_tim.o(i.TIM_Cmd)
    TIM_GetITStatus                          0x0800421d   Thumb Code    34  stm32f10x_tim.o(i.TIM_GetITStatus)
    TIM_ITConfig                             0x0800423f   Thumb Code    18  stm32f10x_tim.o(i.TIM_ITConfig)
    TIM_TimeBaseInit                         0x08004251   Thumb Code   122  stm32f10x_tim.o(i.TIM_TimeBaseInit)
    TS_GetData                               0x08004301   Thumb Code    92  ts.o(i.TS_GetData)
    TS_Init                                  0x08004369   Thumb Code    32  ts.o(i.TS_Init)
    Timer_GetTick                            0x0800438d   Thumb Code     6  timer.o(i.Timer_GetTick)
    Timer_Init                               0x08004399   Thumb Code   136  timer.o(i.Timer_Init)
    USART2_IRQHandler                        0x08004431   Thumb Code   130  serial.o(i.USART2_IRQHandler)
    USART3_IRQHandler                        0x080044c5   Thumb Code    26  serial.o(i.USART3_IRQHandler)
    USART_Cmd                                0x080044e5   Thumb Code    24  stm32f10x_usart.o(i.USART_Cmd)
    USART_GetFlagStatus                      0x080044fd   Thumb Code    26  stm32f10x_usart.o(i.USART_GetFlagStatus)
    USART_GetITStatus                        0x08004517   Thumb Code    84  stm32f10x_usart.o(i.USART_GetITStatus)
    USART_ITConfig                           0x0800456b   Thumb Code    74  stm32f10x_usart.o(i.USART_ITConfig)
    USART_Init                               0x080045b5   Thumb Code   210  stm32f10x_usart.o(i.USART_Init)
    USART_ReceiveData                        0x0800468d   Thumb Code    10  stm32f10x_usart.o(i.USART_ReceiveData)
    USART_SendData                           0x08004697   Thumb Code     8  stm32f10x_usart.o(i.USART_SendData)
    UsageFault_Handler                       0x0800469f   Thumb Code     4  stm32f10x_it.o(i.UsageFault_Handler)
    Water_GetData                            0x080046a3   Thumb Code    14  water.o(i.Water_GetData)
    Water_Init                               0x080046b1   Thumb Code    32  water.o(i.Water_Init)
    __ARM_fpclassify                         0x08004939   Thumb Code    40  fpclassify.o(i.__ARM_fpclassify)
    __kernel_poly                            0x08004961   Thumb Code   170  poly.o(i.__kernel_poly)
    __mathlib_dbl_divzero                    0x08004a0d   Thumb Code    12  dunder.o(i.__mathlib_dbl_divzero)
    __mathlib_dbl_infnan2                    0x08004a1d   Thumb Code     4  dunder.o(i.__mathlib_dbl_infnan2)
    __mathlib_dbl_invalid                    0x08004a21   Thumb Code    12  dunder.o(i.__mathlib_dbl_invalid)
    __mathlib_dbl_overflow                   0x08004a2d   Thumb Code    14  dunder.o(i.__mathlib_dbl_overflow)
    __mathlib_dbl_underflow                  0x08004a3d   Thumb Code    10  dunder.o(i.__mathlib_dbl_underflow)
    _is_digit                                0x08004a4d   Thumb Code    14  __printf_wp.o(i._is_digit)
    main                                     0x08004a5d   Thumb Code   274  main.o(i.main)
    pow                                      0x08004bc9   Thumb Code  2512  pow.o(i.pow)
    sqrt                                     0x080055a1   Thumb Code    76  sqrt.o(i.sqrt)
    _get_lc_ctype                            0x080055ed   Thumb Code    44  lc_ctype_c.o(locale$$code)
    _get_lc_numeric                          0x08005619   Thumb Code    44  lc_numeric_c.o(locale$$code)
    __aeabi_dadd                             0x08005645   Thumb Code     0  daddsub_clz.o(x$fpl$dadd)
    _dadd                                    0x08005645   Thumb Code   332  daddsub_clz.o(x$fpl$dadd)
    __fpl_dcheck_NaN1                        0x08005795   Thumb Code    10  dcheck1.o(x$fpl$dcheck1)
    __fpl_dcmp_Inf                           0x080057a5   Thumb Code    24  dcmpi.o(x$fpl$dcmpinf)
    __aeabi_ddiv                             0x080057bd   Thumb Code     0  ddiv.o(x$fpl$ddiv)
    _ddiv                                    0x080057bd   Thumb Code   552  ddiv.o(x$fpl$ddiv)
    __aeabi_d2uiz                            0x08005a6d   Thumb Code     0  dfixu.o(x$fpl$dfixu)
    _dfixu                                   0x08005a6d   Thumb Code    90  dfixu.o(x$fpl$dfixu)
    __aeabi_i2d                              0x08005ac7   Thumb Code     0  dflt_clz.o(x$fpl$dflt)
    _dflt                                    0x08005ac7   Thumb Code    46  dflt_clz.o(x$fpl$dflt)
    __aeabi_cdcmple                          0x08005af5   Thumb Code     0  dleqf.o(x$fpl$dleqf)
    _dcmple                                  0x08005af5   Thumb Code   120  dleqf.o(x$fpl$dleqf)
    __fpl_dcmple_InfNaN                      0x08005b57   Thumb Code     0  dleqf.o(x$fpl$dleqf)
    __aeabi_dmul                             0x08005b6d   Thumb Code     0  dmul.o(x$fpl$dmul)
    _dmul                                    0x08005b6d   Thumb Code   332  dmul.o(x$fpl$dmul)
    __fpl_dnaninf                            0x08005cc1   Thumb Code   156  dnaninf.o(x$fpl$dnaninf)
    __fpl_dretinf                            0x08005d5d   Thumb Code    12  dretinf.o(x$fpl$dretinf)
    __aeabi_cdrcmple                         0x08005d69   Thumb Code     0  drleqf.o(x$fpl$drleqf)
    _drcmple                                 0x08005d69   Thumb Code   108  drleqf.o(x$fpl$drleqf)
    __aeabi_drsub                            0x08005dd5   Thumb Code     0  daddsub_clz.o(x$fpl$drsb)
    _drsb                                    0x08005dd5   Thumb Code    22  daddsub_clz.o(x$fpl$drsb)
    _dsqrt                                   0x08005ded   Thumb Code   456  dsqrt_noumaal.o(x$fpl$dsqrt)
    __aeabi_dsub                             0x08005fb9   Thumb Code     0  daddsub_clz.o(x$fpl$dsub)
    _dsub                                    0x08005fb9   Thumb Code   464  daddsub_clz.o(x$fpl$dsub)
    __aeabi_f2d                              0x0800618d   Thumb Code     0  f2d.o(x$fpl$f2d)
    _f2d                                     0x0800618d   Thumb Code    86  f2d.o(x$fpl$f2d)
    __aeabi_fadd                             0x080061e5   Thumb Code     0  faddsub_clz.o(x$fpl$fadd)
    _fadd                                    0x080061e5   Thumb Code   196  faddsub_clz.o(x$fpl$fadd)
    __aeabi_fdiv                             0x080062a9   Thumb Code     0  fdiv.o(x$fpl$fdiv)
    _fdiv                                    0x080062a9   Thumb Code   384  fdiv.o(x$fpl$fdiv)
    __aeabi_ui2f                             0x0800642d   Thumb Code     0  fflt_clz.o(x$fpl$ffltu)
    _ffltu                                   0x0800642d   Thumb Code    38  fflt_clz.o(x$fpl$ffltu)
    __aeabi_fmul                             0x08006455   Thumb Code     0  fmul.o(x$fpl$fmul)
    _fmul                                    0x08006455   Thumb Code   258  fmul.o(x$fpl$fmul)
    __fpl_fnaninf                            0x08006557   Thumb Code   140  fnaninf.o(x$fpl$fnaninf)
    __fpl_fretinf                            0x080065e3   Thumb Code    10  fretinf.o(x$fpl$fretinf)
    __aeabi_fsub                             0x080065ed   Thumb Code     0  faddsub_clz.o(x$fpl$fsub)
    _fsub                                    0x080065ed   Thumb Code   234  faddsub_clz.o(x$fpl$fsub)
    _printf_fp_dec                           0x080066d7   Thumb Code     4  printf1.o(x$fpl$printf1)
    _printf_fp_hex                           0x080066db   Thumb Code     4  printf2.o(x$fpl$printf2)
    __fpl_return_NaN                         0x080066df   Thumb Code   100  retnan.o(x$fpl$retnan)
    __ARM_scalbn                             0x08006743   Thumb Code    92  scalbn.o(x$fpl$scalbn)
    __fpl_cmpreturn                          0x0800679f   Thumb Code    48  trapv.o(x$fpl$trapveneer)
    OLED_F8x16                               0x080067ce   Data        2000  oled.o(.constdata)
    __I$use$fp                               0x080067ce   Number         0  usenofp.o(x$fpl$usenofp)
    __mathlib_zero                           0x08007068   Data           8  qnan.o(.constdata)
    Region$$Table$$Base                      0x08007348   Number         0  anon$$obj.o(Region$$Table)
    Region$$Table$$Limit                     0x08007368   Number         0  anon$$obj.o(Region$$Table)
    __ctype                                  0x08007375   Data           0  lc_ctype_c.o(locale$$data)
    g_Buzzer_TempThreshold                   0x20000029   Data           1  buzzer.o(.data)
    g_Buzzer_HumiThreshold                   0x2000002a   Data           1  buzzer.o(.data)
    g_Buzzer_LightThreshold                  0x2000002c   Data           2  buzzer.o(.data)
    g_Buzzer_WaterThreshold                  0x2000002e   Data           2  buzzer.o(.data)
    g_Serial1_RxFrame                        0x200000f4   Data        1030  serial.o(.bss)
    __libspace_start                         0x2000067c   Data          96  libspace.o(.bss)
    __temporary_stack_top$libspace           0x200006dc   Data           0  libspace.o(.bss)



==============================================================================

Memory Map of the image

  Image Entry point : 0x080000ed

  Load Region LR_IROM1 (Base: 0x08000000, Size: 0x000074e8, Max: 0x00010000, ABSOLUTE)

    Execution Region ER_IROM1 (Exec base: 0x08000000, Load base: 0x08000000, Size: 0x00007494, Max: 0x00010000, ABSOLUTE)

    Exec Addr    Load Addr    Size         Type   Attr      Idx    E Section Name        Object

    0x08000000   0x08000000   0x000000ec   Data   RO            3    RESET               startup_stm32f10x_md.o
    0x080000ec   0x080000ec   0x00000008   Code   RO         4171  * !!!main             c_w.l(__main.o)
    0x080000f4   0x080000f4   0x00000034   Code   RO         4585    !!!scatter          c_w.l(__scatter.o)
    0x08000128   0x08000128   0x0000001a   Code   RO         4587    !!handler_copy      c_w.l(__scatter_copy.o)
    0x08000142   0x08000142   0x00000002   PAD
    0x08000144   0x08000144   0x0000001c   Code   RO         4589    !!handler_zi        c_w.l(__scatter_zi.o)
    0x08000160   0x08000160   0x00000000   Code   RO         4148    .ARM.Collect$$_printf_percent$$00000000  c_w.l(_printf_percent.o)
    0x08000160   0x08000160   0x00000006   Code   RO         4276    .ARM.Collect$$_printf_percent$$00000001  c_w.l(_printf_n.o)
    0x08000166   0x08000166   0x00000006   Code   RO         4278    .ARM.Collect$$_printf_percent$$00000002  c_w.l(_printf_p.o)
    0x0800016c   0x0800016c   0x00000006   Code   RO         4282    .ARM.Collect$$_printf_percent$$00000003  c_w.l(_printf_f.o)
    0x08000172   0x08000172   0x00000006   Code   RO         4283    .ARM.Collect$$_printf_percent$$00000004  c_w.l(_printf_e.o)
    0x08000178   0x08000178   0x00000006   Code   RO         4284    .ARM.Collect$$_printf_percent$$00000005  c_w.l(_printf_g.o)
    0x0800017e   0x0800017e   0x00000006   Code   RO         4285    .ARM.Collect$$_printf_percent$$00000006  c_w.l(_printf_a.o)
    0x08000184   0x08000184   0x0000000a   Code   RO         4290    .ARM.Collect$$_printf_percent$$00000007  c_w.l(_printf_ll.o)
    0x0800018e   0x0800018e   0x00000006   Code   RO         4280    .ARM.Collect$$_printf_percent$$00000008  c_w.l(_printf_i.o)
    0x08000194   0x08000194   0x00000006   Code   RO         4147    .ARM.Collect$$_printf_percent$$00000009  c_w.l(_printf_d.o)
    0x0800019a   0x0800019a   0x00000006   Code   RO         4281    .ARM.Collect$$_printf_percent$$0000000A  c_w.l(_printf_u.o)
    0x080001a0   0x080001a0   0x00000006   Code   RO         4279    .ARM.Collect$$_printf_percent$$0000000B  c_w.l(_printf_o.o)
    0x080001a6   0x080001a6   0x00000006   Code   RO         4277    .ARM.Collect$$_printf_percent$$0000000C  c_w.l(_printf_x.o)
    0x080001ac   0x080001ac   0x00000006   Code   RO         4287    .ARM.Collect$$_printf_percent$$0000000D  c_w.l(_printf_lli.o)
    0x080001b2   0x080001b2   0x00000006   Code   RO         4288    .ARM.Collect$$_printf_percent$$0000000E  c_w.l(_printf_lld.o)
    0x080001b8   0x080001b8   0x00000006   Code   RO         4289    .ARM.Collect$$_printf_percent$$0000000F  c_w.l(_printf_llu.o)
    0x080001be   0x080001be   0x00000006   Code   RO         4294    .ARM.Collect$$_printf_percent$$00000010  c_w.l(_printf_llo.o)
    0x080001c4   0x080001c4   0x00000006   Code   RO         4295    .ARM.Collect$$_printf_percent$$00000011  c_w.l(_printf_llx.o)
    0x080001ca   0x080001ca   0x0000000a   Code   RO         4291    .ARM.Collect$$_printf_percent$$00000012  c_w.l(_printf_l.o)
    0x080001d4   0x080001d4   0x00000006   Code   RO         4275    .ARM.Collect$$_printf_percent$$00000013  c_w.l(_printf_c.o)
    0x080001da   0x080001da   0x00000006   Code   RO         4146    .ARM.Collect$$_printf_percent$$00000014  c_w.l(_printf_s.o)
    0x080001e0   0x080001e0   0x00000006   Code   RO         4292    .ARM.Collect$$_printf_percent$$00000015  c_w.l(_printf_lc.o)
    0x080001e6   0x080001e6   0x00000006   Code   RO         4293    .ARM.Collect$$_printf_percent$$00000016  c_w.l(_printf_ls.o)
    0x080001ec   0x080001ec   0x00000004   Code   RO         4286    .ARM.Collect$$_printf_percent$$00000017  c_w.l(_printf_percent_end.o)
    0x080001f0   0x080001f0   0x00000002   Code   RO         4450    .ARM.Collect$$libinit$$00000000  c_w.l(libinit.o)
    0x080001f2   0x080001f2   0x00000000   Code   RO         4460    .ARM.Collect$$libinit$$00000002  c_w.l(libinit2.o)
    0x080001f2   0x080001f2   0x00000000   Code   RO         4462    .ARM.Collect$$libinit$$00000004  c_w.l(libinit2.o)
    0x080001f2   0x080001f2   0x00000000   Code   RO         4465    .ARM.Collect$$libinit$$0000000A  c_w.l(libinit2.o)
    0x080001f2   0x080001f2   0x00000000   Code   RO         4467    .ARM.Collect$$libinit$$0000000C  c_w.l(libinit2.o)
    0x080001f2   0x080001f2   0x00000000   Code   RO         4469    .ARM.Collect$$libinit$$0000000E  c_w.l(libinit2.o)
    0x080001f2   0x080001f2   0x00000006   Code   RO         4470    .ARM.Collect$$libinit$$0000000F  c_w.l(libinit2.o)
    0x080001f8   0x080001f8   0x00000000   Code   RO         4472    .ARM.Collect$$libinit$$00000011  c_w.l(libinit2.o)
    0x080001f8   0x080001f8   0x0000000c   Code   RO         4473    .ARM.Collect$$libinit$$00000012  c_w.l(libinit2.o)
    0x08000204   0x08000204   0x00000000   Code   RO         4474    .ARM.Collect$$libinit$$00000013  c_w.l(libinit2.o)
    0x08000204   0x08000204   0x00000000   Code   RO         4476    .ARM.Collect$$libinit$$00000015  c_w.l(libinit2.o)
    0x08000204   0x08000204   0x0000000a   Code   RO         4477    .ARM.Collect$$libinit$$00000016  c_w.l(libinit2.o)
    0x0800020e   0x0800020e   0x00000000   Code   RO         4478    .ARM.Collect$$libinit$$00000017  c_w.l(libinit2.o)
    0x0800020e   0x0800020e   0x00000000   Code   RO         4480    .ARM.Collect$$libinit$$00000019  c_w.l(libinit2.o)
    0x0800020e   0x0800020e   0x00000000   Code   RO         4482    .ARM.Collect$$libinit$$0000001B  c_w.l(libinit2.o)
    0x0800020e   0x0800020e   0x00000000   Code   RO         4484    .ARM.Collect$$libinit$$0000001D  c_w.l(libinit2.o)
    0x0800020e   0x0800020e   0x00000000   Code   RO         4486    .ARM.Collect$$libinit$$0000001F  c_w.l(libinit2.o)
    0x0800020e   0x0800020e   0x00000000   Code   RO         4488    .ARM.Collect$$libinit$$00000021  c_w.l(libinit2.o)
    0x0800020e   0x0800020e   0x00000000   Code   RO         4490    .ARM.Collect$$libinit$$00000023  c_w.l(libinit2.o)
    0x0800020e   0x0800020e   0x00000000   Code   RO         4492    .ARM.Collect$$libinit$$00000025  c_w.l(libinit2.o)
    0x0800020e   0x0800020e   0x00000000   Code   RO         4496    .ARM.Collect$$libinit$$0000002C  c_w.l(libinit2.o)
    0x0800020e   0x0800020e   0x00000000   Code   RO         4498    .ARM.Collect$$libinit$$0000002E  c_w.l(libinit2.o)
    0x0800020e   0x0800020e   0x00000000   Code   RO         4500    .ARM.Collect$$libinit$$00000030  c_w.l(libinit2.o)
    0x0800020e   0x0800020e   0x00000000   Code   RO         4502    .ARM.Collect$$libinit$$00000032  c_w.l(libinit2.o)
    0x0800020e   0x0800020e   0x00000002   Code   RO         4503    .ARM.Collect$$libinit$$00000033  c_w.l(libinit2.o)
    0x08000210   0x08000210   0x00000002   Code   RO         4525    .ARM.Collect$$libshutdown$$00000000  c_w.l(libshutdown.o)
    0x08000212   0x08000212   0x00000000   Code   RO         4538    .ARM.Collect$$libshutdown$$00000002  c_w.l(libshutdown2.o)
    0x08000212   0x08000212   0x00000000   Code   RO         4540    .ARM.Collect$$libshutdown$$00000004  c_w.l(libshutdown2.o)
    0x08000212   0x08000212   0x00000000   Code   RO         4543    .ARM.Collect$$libshutdown$$00000007  c_w.l(libshutdown2.o)
    0x08000212   0x08000212   0x00000000   Code   RO         4546    .ARM.Collect$$libshutdown$$0000000A  c_w.l(libshutdown2.o)
    0x08000212   0x08000212   0x00000000   Code   RO         4548    .ARM.Collect$$libshutdown$$0000000C  c_w.l(libshutdown2.o)
    0x08000212   0x08000212   0x00000000   Code   RO         4551    .ARM.Collect$$libshutdown$$0000000F  c_w.l(libshutdown2.o)
    0x08000212   0x08000212   0x00000002   Code   RO         4552    .ARM.Collect$$libshutdown$$00000010  c_w.l(libshutdown2.o)
    0x08000214   0x08000214   0x00000000   Code   RO         4219    .ARM.Collect$$rtentry$$00000000  c_w.l(__rtentry.o)
    0x08000214   0x08000214   0x00000000   Code   RO         4360    .ARM.Collect$$rtentry$$00000002  c_w.l(__rtentry2.o)
    0x08000214   0x08000214   0x00000006   Code   RO         4372    .ARM.Collect$$rtentry$$00000004  c_w.l(__rtentry4.o)
    0x0800021a   0x0800021a   0x00000000   Code   RO         4362    .ARM.Collect$$rtentry$$00000009  c_w.l(__rtentry2.o)
    0x0800021a   0x0800021a   0x00000004   Code   RO         4363    .ARM.Collect$$rtentry$$0000000A  c_w.l(__rtentry2.o)
    0x0800021e   0x0800021e   0x00000000   Code   RO         4365    .ARM.Collect$$rtentry$$0000000C  c_w.l(__rtentry2.o)
    0x0800021e   0x0800021e   0x00000008   Code   RO         4366    .ARM.Collect$$rtentry$$0000000D  c_w.l(__rtentry2.o)
    0x08000226   0x08000226   0x00000002   Code   RO         4457    .ARM.Collect$$rtexit$$00000000  c_w.l(rtexit.o)
    0x08000228   0x08000228   0x00000000   Code   RO         4507    .ARM.Collect$$rtexit$$00000002  c_w.l(rtexit2.o)
    0x08000228   0x08000228   0x00000004   Code   RO         4508    .ARM.Collect$$rtexit$$00000003  c_w.l(rtexit2.o)
    0x0800022c   0x0800022c   0x00000006   Code   RO         4509    .ARM.Collect$$rtexit$$00000004  c_w.l(rtexit2.o)
    0x08000232   0x08000232   0x00000002   PAD
    0x08000234   0x08000234   0x00000040   Code   RO            4    .text               startup_stm32f10x_md.o
    0x08000274   0x08000274   0x00000024   Code   RO         4110    .text               c_w.l(vsprintf.o)
    0x08000298   0x08000298   0x0000002c   Code   RO         4112    .text               c_w.l(__2sprintf.o)
    0x080002c4   0x080002c4   0x00000038   Code   RO         4114    .text               c_w.l(__2snprintf.o)
    0x080002fc   0x080002fc   0x00000052   Code   RO         4122    .text               c_w.l(_printf_str.o)
    0x0800034e   0x0800034e   0x00000002   PAD
    0x08000350   0x08000350   0x00000078   Code   RO         4124    .text               c_w.l(_printf_dec.o)
    0x080003c8   0x080003c8   0x00000188   Code   RO         4143    .text               c_w.l(__printf_flags_ss_wp.o)
    0x08000550   0x08000550   0x0000001a   Code   RO         4149    .text               c_w.l(atoi.o)
    0x0800056a   0x0800056a   0x00000004   Code   RO         4151    .text               c_w.l(strtok_r.o)
    0x0800056e   0x0800056e   0x00000014   Code   RO         4153    .text               c_w.l(strchr.o)
    0x08000582   0x08000582   0x00000024   Code   RO         4155    .text               c_w.l(strstr.o)
    0x080005a6   0x080005a6   0x00000048   Code   RO         4157    .text               c_w.l(strcpy.o)
    0x080005ee   0x080005ee   0x0000008a   Code   RO         4159    .text               c_w.l(rt_memcpy_v6.o)
    0x08000678   0x08000678   0x00000044   Code   RO         4161    .text               c_w.l(rt_memclr.o)
    0x080006bc   0x080006bc   0x0000004e   Code   RO         4163    .text               c_w.l(rt_memclr_w.o)
    0x0800070a   0x0800070a   0x00000056   Code   RO         4165    .text               c_w.l(strncpy.o)
    0x08000760   0x08000760   0x00000080   Code   RO         4167    .text               c_w.l(strcmpv7m.o)
    0x080007e0   0x080007e0   0x00000006   Code   RO         4169    .text               c_w.l(heapauxi.o)
    0x080007e6   0x080007e6   0x00000002   PAD
    0x080007e8   0x080007e8   0x00000008   Code   RO         4223    .text               c_w.l(rt_errno_addr_intlibspace.o)
    0x080007f0   0x080007f0   0x00000016   Code   RO         4225    .text               c_w.l(_rserrno.o)
    0x08000806   0x08000806   0x0000004e   Code   RO         4227    .text               c_w.l(_printf_pad.o)
    0x08000854   0x08000854   0x00000024   Code   RO         4229    .text               c_w.l(_printf_truncate.o)
    0x08000878   0x08000878   0x000000b2   Code   RO         4231    .text               c_w.l(_printf_intcommon.o)
    0x0800092a   0x0800092a   0x00000028   Code   RO         4233    .text               c_w.l(_printf_charcount.o)
    0x08000952   0x08000952   0x00000002   PAD
    0x08000954   0x08000954   0x00000030   Code   RO         4235    .text               c_w.l(_printf_char_common.o)
    0x08000984   0x08000984   0x0000000a   Code   RO         4237    .text               c_w.l(_sputc.o)
    0x0800098e   0x0800098e   0x00000010   Code   RO         4239    .text               c_w.l(_snputc.o)
    0x0800099e   0x0800099e   0x0000002c   Code   RO         4241    .text               c_w.l(_printf_char.o)
    0x080009ca   0x080009ca   0x00000002   PAD
    0x080009cc   0x080009cc   0x000000bc   Code   RO         4243    .text               c_w.l(_printf_wctomb.o)
    0x08000a88   0x08000a88   0x0000007c   Code   RO         4246    .text               c_w.l(_printf_longlong_dec.o)
    0x08000b04   0x08000b04   0x00000070   Code   RO         4252    .text               c_w.l(_printf_oct_int_ll.o)
    0x08000b74   0x08000b74   0x00000094   Code   RO         4272    .text               c_w.l(_printf_hex_int_ll_ptr.o)
    0x08000c08   0x08000c08   0x00000070   Code   RO         4296    .text               c_w.l(strtol.o)
    0x08000c78   0x08000c78   0x00000044   Code   RO         4298    .text               c_w.l(strtok_int.o)
    0x08000cbc   0x08000cbc   0x00000064   Code   RO         4300    .text               c_w.l(rt_memcpy_w.o)
    0x08000d20   0x08000d20   0x00000008   Code   RO         4356    .text               c_w.l(libspace.o)
    0x08000d28   0x08000d28   0x00000010   Code   RO         4374    .text               c_w.l(rt_ctype_table.o)
    0x08000d38   0x08000d38   0x0000008a   Code   RO         4376    .text               c_w.l(lludiv10.o)
    0x08000dc2   0x08000dc2   0x0000041e   Code   RO         4378    .text               c_w.l(_printf_fp_dec.o)
    0x080011e0   0x080011e0   0x000002fc   Code   RO         4380    .text               c_w.l(_printf_fp_hex.o)
    0x080014dc   0x080014dc   0x0000002c   Code   RO         4385    .text               c_w.l(_printf_wchar.o)
    0x08001508   0x08001508   0x0000009e   Code   RO         4387    .text               c_w.l(_strtoul.o)
    0x080015a6   0x080015a6   0x00000040   Code   RO         4389    .text               c_w.l(_wcrtomb.o)
    0x080015e6   0x080015e6   0x00000020   Code   RO         4391    .text               c_w.l(strcspn.o)
    0x08001606   0x08001606   0x0000001c   Code   RO         4393    .text               c_w.l(strspn.o)
    0x08001622   0x08001622   0x0000004a   Code   RO         4401    .text               c_w.l(sys_stackheap_outer.o)
    0x0800166c   0x0800166c   0x00000008   Code   RO         4406    .text               c_w.l(rt_locale_intlibspace.o)
    0x08001674   0x08001674   0x00000080   Code   RO         4408    .text               c_w.l(_printf_fp_infnan.o)
    0x080016f4   0x080016f4   0x0000001c   Code   RO         4410    .text               c_w.l(_chval.o)
    0x08001710   0x08001710   0x000000e4   Code   RO         4412    .text               c_w.l(bigflt0.o)
    0x080017f4   0x080017f4   0x00000012   Code   RO         4443    .text               c_w.l(exit.o)
    0x08001806   0x08001806   0x00000002   PAD
    0x08001808   0x08001808   0x0000000c   Code   RO         4517    .text               c_w.l(sys_exit.o)
    0x08001814   0x08001814   0x00000002   Code   RO         4528    .text               c_w.l(use_no_semi.o)
    0x08001816   0x08001816   0x00000000   Code   RO         4530    .text               c_w.l(indicate_semi.o)
    0x08001816   0x08001816   0x0000003e   Code   RO         4415    CL$$btod_d2e        c_w.l(btod.o)
    0x08001854   0x08001854   0x00000046   Code   RO         4417    CL$$btod_d2e_denorm_low  c_w.l(btod.o)
    0x0800189a   0x0800189a   0x00000060   Code   RO         4416    CL$$btod_d2e_norm_op1  c_w.l(btod.o)
    0x080018fa   0x080018fa   0x00000338   Code   RO         4425    CL$$btod_div_common  c_w.l(btod.o)
    0x08001c32   0x08001c32   0x000000dc   Code   RO         4422    CL$$btod_e2e        c_w.l(btod.o)
    0x08001d0e   0x08001d0e   0x0000002a   Code   RO         4419    CL$$btod_ediv       c_w.l(btod.o)
    0x08001d38   0x08001d38   0x0000002a   Code   RO         4418    CL$$btod_emul       c_w.l(btod.o)
    0x08001d62   0x08001d62   0x00000244   Code   RO         4424    CL$$btod_mult_common  c_w.l(btod.o)
    0x08001fa6   0x08001fa6   0x0000002c   Code   RO         3286    i.ADCX_GetAverage   adcx.o
    0x08001fd2   0x08001fd2   0x00000002   PAD
    0x08001fd4   0x08001fd4   0x00000034   Code   RO         3288    i.ADCX_GetValue     adcx.o
    0x08002008   0x08002008   0x0000006c   Code   RO         3289    i.ADCX_Init         adcx.o
    0x08002074   0x08002074   0x00000016   Code   RO          202    i.ADC_Cmd           stm32f10x_adc.o
    0x0800208a   0x0800208a   0x00000014   Code   RO          210    i.ADC_GetCalibrationStatus  stm32f10x_adc.o
    0x0800209e   0x0800209e   0x00000008   Code   RO          211    i.ADC_GetConversionValue  stm32f10x_adc.o
    0x080020a6   0x080020a6   0x00000012   Code   RO          213    i.ADC_GetFlagStatus  stm32f10x_adc.o
    0x080020b8   0x080020b8   0x00000014   Code   RO          216    i.ADC_GetResetCalibrationStatus  stm32f10x_adc.o
    0x080020cc   0x080020cc   0x00000050   Code   RO          220    i.ADC_Init          stm32f10x_adc.o
    0x0800211c   0x0800211c   0x000000b8   Code   RO          224    i.ADC_RegularChannelConfig  stm32f10x_adc.o
    0x080021d4   0x080021d4   0x0000000a   Code   RO          225    i.ADC_ResetCalibration  stm32f10x_adc.o
    0x080021de   0x080021de   0x00000016   Code   RO          227    i.ADC_SoftwareStartConvCmd  stm32f10x_adc.o
    0x080021f4   0x080021f4   0x0000000a   Code   RO          229    i.ADC_StartCalibration  stm32f10x_adc.o
    0x080021fe   0x080021fe   0x00000004   Code   RO         4019    i.BusFault_Handler  stm32f10x_it.o
    0x08002202   0x08002202   0x00000002   PAD
    0x08002204   0x08002204   0x0000000c   Code   RO         3786    i.Buzzer_GetHumiThreshold  buzzer.o
    0x08002210   0x08002210   0x0000000c   Code   RO         3787    i.Buzzer_GetLightThreshold  buzzer.o
    0x0800221c   0x0800221c   0x0000000c   Code   RO         3788    i.Buzzer_GetTempThreshold  buzzer.o
    0x08002228   0x08002228   0x0000000c   Code   RO         3789    i.Buzzer_GetWaterThreshold  buzzer.o
    0x08002234   0x08002234   0x00000040   Code   RO         3790    i.Buzzer_Init       buzzer.o
    0x08002274   0x08002274   0x00000024   Code   RO         3791    i.Buzzer_Off        buzzer.o
    0x08002298   0x08002298   0x00000024   Code   RO         3792    i.Buzzer_On         buzzer.o
    0x080022bc   0x080022bc   0x0000000c   Code   RO         3794    i.Buzzer_SetHumiThreshold  buzzer.o
    0x080022c8   0x080022c8   0x0000000c   Code   RO         3795    i.Buzzer_SetLightThreshold  buzzer.o
    0x080022d4   0x080022d4   0x0000000c   Code   RO         3796    i.Buzzer_SetTempThreshold  buzzer.o
    0x080022e0   0x080022e0   0x0000000c   Code   RO         3797    i.Buzzer_SetWaterThreshold  buzzer.o
    0x080022ec   0x080022ec   0x000000e8   Code   RO         3917    i.CheckAndControlAlert  main.o
    0x080023d4   0x080023d4   0x000000d4   Code   RO         3918    i.CheckClientConnection  main.o
    0x080024a8   0x080024a8   0x0000005c   Code   RO         3668    i.DHT11_Ack         dht11.o
    0x08002504   0x08002504   0x00000020   Code   RO         3669    i.DHT11_IO_IN       dht11.o
    0x08002524   0x08002524   0x00000024   Code   RO         3670    i.DHT11_IO_OUT      dht11.o
    0x08002548   0x08002548   0x00000014   Code   RO         3671    i.DHT11_Init        dht11.o
    0x0800255c   0x0800255c   0x0000005c   Code   RO         3672    i.DHT11_ReadBit     dht11.o
    0x080025b8   0x080025b8   0x0000001e   Code   RO         3673    i.DHT11_ReadByte    dht11.o
    0x080025d6   0x080025d6   0x00000056   Code   RO         3674    i.DHT11_ReadData    dht11.o
    0x0800262c   0x0800262c   0x0000002c   Code   RO         3675    i.DHT11_Start       dht11.o
    0x08002658   0x08002658   0x00000002   Code   RO         4020    i.DebugMon_Handler  stm32f10x_it.o
    0x0800265a   0x0800265a   0x00000018   Code   RO         3196    i.Delay_ms          delay.o
    0x08002672   0x08002672   0x0000002e   Code   RO         3198    i.Delay_us          delay.o
    0x080026a0   0x080026a0   0x00000034   Code   RO         3546    i.ESP01S_AT_Test    esp01s.o
    0x080026d4   0x080026d4   0x00000008   Code   RO         3547    i.ESP01S_ClearRxBuffer  esp01s.o
    0x080026dc   0x080026dc   0x00000058   Code   RO         3548    i.ESP01S_ConnectAP  esp01s.o
    0x08002734   0x08002734   0x00000090   Code   RO         3549    i.ESP01S_GetConnectionStatus  esp01s.o
    0x080027c4   0x080027c4   0x000000c0   Code   RO         3550    i.ESP01S_GetIP      esp01s.o
    0x08002884   0x08002884   0x00000034   Code   RO         3551    i.ESP01S_Init       esp01s.o
    0x080028b8   0x080028b8   0x00000090   Code   RO         3552    i.ESP01S_ReceiveData  esp01s.o
    0x08002948   0x08002948   0x00000028   Code   RO         3554    i.ESP01S_SendCmd    esp01s.o
    0x08002970   0x08002970   0x00000198   Code   RO         3555    i.ESP01S_SendData   esp01s.o
    0x08002b08   0x08002b08   0x00000034   Code   RO         3556    i.ESP01S_SetMode    esp01s.o
    0x08002b3c   0x08002b3c   0x00000020   Code   RO         3557    i.ESP01S_SetMultiConnection  esp01s.o
    0x08002b5c   0x08002b5c   0x0000003c   Code   RO         3559    i.ESP01S_StartServer  esp01s.o
    0x08002b98   0x08002b98   0x00000064   Code   RO         3560    i.ESP01S_WaitAck    esp01s.o
    0x08002bfc   0x08002bfc   0x000000b4   Code   RO         3561    i.ESP01S_WaitMultiAck  esp01s.o
    0x08002cb0   0x08002cb0   0x00000074   Code   RO         4082    i.Filter_SensorData  filter.o
    0x08002d24   0x08002d24   0x00000054   Code   RO         3919    i.FormatSensorDataToString  main.o
    0x08002d78   0x08002d78   0x00000116   Code   RO         1347    i.GPIO_Init         stm32f10x_gpio.o
    0x08002e8e   0x08002e8e   0x00000012   Code   RO         1351    i.GPIO_ReadInputDataBit  stm32f10x_gpio.o
    0x08002ea0   0x08002ea0   0x00000004   Code   RO         1354    i.GPIO_ResetBits    stm32f10x_gpio.o
    0x08002ea4   0x08002ea4   0x00000004   Code   RO         1355    i.GPIO_SetBits      stm32f10x_gpio.o
    0x08002ea8   0x08002ea8   0x0000000a   Code   RO         1358    i.GPIO_WriteBit     stm32f10x_gpio.o
    0x08002eb2   0x08002eb2   0x00000004   Code   RO         4021    i.HardFault_Handler  stm32f10x_it.o
    0x08002eb6   0x08002eb6   0x0000000c   Code   RO         3719    i.LDR_ADC_Read      ldr.o
    0x08002ec2   0x08002ec2   0x0000002a   Code   RO         3720    i.LDR_Average_Data  ldr.o
    0x08002eec   0x08002eec   0x00000024   Code   RO         3721    i.LDR_Init          ldr.o
    0x08002f10   0x08002f10   0x00000094   Code   RO         3722    i.LDR_LuxData       ldr.o
    0x08002fa4   0x08002fa4   0x00000004   Code   RO         4022    i.MemManage_Handler  stm32f10x_it.o
    0x08002fa8   0x08002fa8   0x00000002   Code   RO         4023    i.NMI_Handler       stm32f10x_it.o
    0x08002faa   0x08002faa   0x00000002   PAD
    0x08002fac   0x08002fac   0x00000070   Code   RO          137    i.NVIC_Init         misc.o
    0x0800301c   0x0800301c   0x00000014   Code   RO          138    i.NVIC_PriorityGroupConfig  misc.o
    0x08003030   0x08003030   0x0000002a   Code   RO         3432    i.OLED_Clear        oled.o
    0x0800305a   0x0800305a   0x00000002   PAD
    0x0800305c   0x0800305c   0x00000050   Code   RO         3433    i.OLED_I2C_Init     oled.o
    0x080030ac   0x080030ac   0x0000005c   Code   RO         3434    i.OLED_I2C_SendByte  oled.o
    0x08003108   0x08003108   0x00000034   Code   RO         3435    i.OLED_I2C_Start    oled.o
    0x0800313c   0x0800313c   0x00000028   Code   RO         3436    i.OLED_I2C_Stop     oled.o
    0x08003164   0x08003164   0x000000ae   Code   RO         3437    i.OLED_Init         oled.o
    0x08003212   0x08003212   0x00000014   Code   RO         3438    i.OLED_Pow          oled.o
    0x08003226   0x08003226   0x00000002   PAD
    0x08003228   0x08003228   0x00000080   Code   RO         3920    i.OLED_RestoreNormalDisplay  main.o
    0x080032a8   0x080032a8   0x00000022   Code   RO         3439    i.OLED_SetCursor    oled.o
    0x080032ca   0x080032ca   0x00000002   PAD
    0x080032cc   0x080032cc   0x00000074   Code   RO         3441    i.OLED_ShowChar     oled.o
    0x08003340   0x08003340   0x00000074   Code   RO         3442    i.OLED_ShowChinese  oled.o
    0x080033b4   0x080033b4   0x000000c8   Code   RO         3921    i.OLED_ShowNormalStaticLabels  main.o
    0x0800347c   0x0800347c   0x00000044   Code   RO         3444    i.OLED_ShowNum      oled.o
    0x080034c0   0x080034c0   0x00000028   Code   RO         3446    i.OLED_ShowString   oled.o
    0x080034e8   0x080034e8   0x00000078   Code   RO         3922    i.OLED_UpdateDisplay  main.o
    0x08003560   0x08003560   0x00000020   Code   RO         3447    i.OLED_WriteCommand  oled.o
    0x08003580   0x08003580   0x00000020   Code   RO         3448    i.OLED_WriteData    oled.o
    0x080035a0   0x080035a0   0x00000360   Code   RO         3923    i.ParseThresholdCommand  main.o
    0x08003900   0x08003900   0x00000002   Code   RO         4024    i.PendSV_Handler    stm32f10x_it.o
    0x08003902   0x08003902   0x00000002   PAD
    0x08003904   0x08003904   0x00000100   Code   RO         3924    i.ProcessReceivedData  main.o
    0x08003a04   0x08003a04   0x00000018   Code   RO         1773    i.RCC_ADCCLKConfig  stm32f10x_rcc.o
    0x08003a1c   0x08003a1c   0x00000020   Code   RO         1775    i.RCC_APB1PeriphClockCmd  stm32f10x_rcc.o
    0x08003a3c   0x08003a3c   0x00000020   Code   RO         1777    i.RCC_APB2PeriphClockCmd  stm32f10x_rcc.o
    0x08003a5c   0x08003a5c   0x000000d4   Code   RO         1785    i.RCC_GetClocksFreq  stm32f10x_rcc.o
    0x08003b30   0x08003b30   0x00000034   Code   RO         3925    i.ReadAllSensors    main.o
    0x08003b64   0x08003b64   0x00000024   Code   RO         3875    i.Relay_Control     relay.o
    0x08003b88   0x08003b88   0x00000038   Code   RO         3876    i.Relay_Init        relay.o
    0x08003bc0   0x08003bc0   0x00000002   Code   RO         4025    i.SVC_Handler       stm32f10x_it.o
    0x08003bc2   0x08003bc2   0x00000002   PAD
    0x08003bc4   0x08003bc4   0x00000150   Code   RO         3926    i.SendSensorDataToClient  main.o
    0x08003d14   0x08003d14   0x00000030   Code   RO         3319    i.Serial1_ClearRxBuffer  serial.o
    0x08003d44   0x08003d44   0x000000a8   Code   RO         3320    i.Serial1_Init      serial.o
    0x08003dec   0x08003dec   0x00000026   Code   RO         3321    i.Serial1_NVIC_Config  serial.o
    0x08003e12   0x08003e12   0x00000002   PAD
    0x08003e14   0x08003e14   0x00000020   Code   RO         3324    i.Serial1_SendByte  serial.o
    0x08003e34   0x08003e34   0x00000028   Code   RO         3326    i.Serial1_SendString  serial.o
    0x08003e5c   0x08003e5c   0x000000c0   Code   RO         3327    i.Serial2_Init      serial.o
    0x08003f1c   0x08003f1c   0x00000020   Code   RO         3328    i.Serial2_NVIC_Config  serial.o
    0x08003f3c   0x08003f3c   0x00000032   Code   RO         3329    i.Serial2_Printf    serial.o
    0x08003f6e   0x08003f6e   0x00000002   PAD
    0x08003f70   0x08003f70   0x00000020   Code   RO         3330    i.Serial2_SendByte  serial.o
    0x08003f90   0x08003f90   0x00000008   Code   RO           24    i.SetSysClock       system_stm32f10x.o
    0x08003f98   0x08003f98   0x000000e0   Code   RO           25    i.SetSysClockTo72   system_stm32f10x.o
    0x08004078   0x08004078   0x00000002   Code   RO         4026    i.SysTick_Handler   stm32f10x_it.o
    0x0800407a   0x0800407a   0x00000002   PAD
    0x0800407c   0x0800407c   0x00000060   Code   RO           27    i.SystemInit        system_stm32f10x.o
    0x080040dc   0x080040dc   0x0000011c   Code   RO         3220    i.TIM2_IRQHandler   timer.o
    0x080041f8   0x080041f8   0x00000006   Code   RO         2415    i.TIM_ClearFlag     stm32f10x_tim.o
    0x080041fe   0x080041fe   0x00000006   Code   RO         2416    i.TIM_ClearITPendingBit  stm32f10x_tim.o
    0x08004204   0x08004204   0x00000018   Code   RO         2421    i.TIM_Cmd           stm32f10x_tim.o
    0x0800421c   0x0800421c   0x00000022   Code   RO         2442    i.TIM_GetITStatus   stm32f10x_tim.o
    0x0800423e   0x0800423e   0x00000012   Code   RO         2446    i.TIM_ITConfig      stm32f10x_tim.o
    0x08004250   0x08004250   0x000000a4   Code   RO         2492    i.TIM_TimeBaseInit  stm32f10x_tim.o
    0x080042f4   0x080042f4   0x0000000c   Code   RO         3759    i.TS_ADC_Read       ts.o
    0x08004300   0x08004300   0x00000068   Code   RO         3760    i.TS_GetData        ts.o
    0x08004368   0x08004368   0x00000024   Code   RO         3761    i.TS_Init           ts.o
    0x0800438c   0x0800438c   0x0000000c   Code   RO         3223    i.Timer_GetTick     timer.o
    0x08004398   0x08004398   0x00000098   Code   RO         3224    i.Timer_Init        timer.o
    0x08004430   0x08004430   0x00000094   Code   RO         3332    i.USART2_IRQHandler  serial.o
    0x080044c4   0x080044c4   0x00000020   Code   RO         3333    i.USART3_IRQHandler  serial.o
    0x080044e4   0x080044e4   0x00000018   Code   RO         2960    i.USART_Cmd         stm32f10x_usart.o
    0x080044fc   0x080044fc   0x0000001a   Code   RO         2963    i.USART_GetFlagStatus  stm32f10x_usart.o
    0x08004516   0x08004516   0x00000054   Code   RO         2964    i.USART_GetITStatus  stm32f10x_usart.o
    0x0800456a   0x0800456a   0x0000004a   Code   RO         2966    i.USART_ITConfig    stm32f10x_usart.o
    0x080045b4   0x080045b4   0x000000d8   Code   RO         2967    i.USART_Init        stm32f10x_usart.o
    0x0800468c   0x0800468c   0x0000000a   Code   RO         2974    i.USART_ReceiveData  stm32f10x_usart.o
    0x08004696   0x08004696   0x00000008   Code   RO         2977    i.USART_SendData    stm32f10x_usart.o
    0x0800469e   0x0800469e   0x00000004   Code   RO         4027    i.UsageFault_Handler  stm32f10x_it.o
    0x080046a2   0x080046a2   0x0000000e   Code   RO         3896    i.Water_GetData     water.o
    0x080046b0   0x080046b0   0x00000024   Code   RO         3897    i.Water_Init        water.o
    0x080046d4   0x080046d4   0x00000264   Code   RO         3927    i.WiFi_ServerTask   main.o
    0x08004938   0x08004938   0x00000028   Code   RO         4343    i.__ARM_fpclassify  m_ws.l(fpclassify.o)
    0x08004960   0x08004960   0x000000aa   Code   RO         4345    i.__kernel_poly     m_ws.l(poly.o)
    0x08004a0a   0x08004a0a   0x00000002   PAD
    0x08004a0c   0x08004a0c   0x00000010   Code   RO         4329    i.__mathlib_dbl_divzero  m_ws.l(dunder.o)
    0x08004a1c   0x08004a1c   0x00000004   Code   RO         4331    i.__mathlib_dbl_infnan2  m_ws.l(dunder.o)
    0x08004a20   0x08004a20   0x0000000c   Code   RO         4332    i.__mathlib_dbl_invalid  m_ws.l(dunder.o)
    0x08004a2c   0x08004a2c   0x0000000e   Code   RO         4333    i.__mathlib_dbl_overflow  m_ws.l(dunder.o)
    0x08004a3a   0x08004a3a   0x00000002   PAD
    0x08004a3c   0x08004a3c   0x00000010   Code   RO         4335    i.__mathlib_dbl_underflow  m_ws.l(dunder.o)
    0x08004a4c   0x08004a4c   0x0000000e   Code   RO         4136    i._is_digit         c_w.l(__printf_wp.o)
    0x08004a5a   0x08004a5a   0x00000002   PAD
    0x08004a5c   0x08004a5c   0x0000016c   Code   RO         3928    i.main              main.o
    0x08004bc8   0x08004bc8   0x000009d8   Code   RO         4210    i.pow               m_ws.l(pow.o)
    0x080055a0   0x080055a0   0x0000004c   Code   RO         4349    i.sqrt              m_ws.l(sqrt.o)
    0x080055ec   0x080055ec   0x0000002c   Code   RO         4438    locale$$code        c_w.l(lc_ctype_c.o)
    0x08005618   0x08005618   0x0000002c   Code   RO         4441    locale$$code        c_w.l(lc_numeric_c.o)
    0x08005644   0x08005644   0x00000150   Code   RO         4173    x$fpl$dadd          fz_ws.l(daddsub_clz.o)
    0x08005794   0x08005794   0x00000010   Code   RO         4395    x$fpl$dcheck1       fz_ws.l(dcheck1.o)
    0x080057a4   0x080057a4   0x00000018   Code   RO         4451    x$fpl$dcmpinf       fz_ws.l(dcmpi.o)
    0x080057bc   0x080057bc   0x000002b0   Code   RO         4180    x$fpl$ddiv          fz_ws.l(ddiv.o)
    0x08005a6c   0x08005a6c   0x0000005a   Code   RO         4183    x$fpl$dfixu         fz_ws.l(dfixu.o)
    0x08005ac6   0x08005ac6   0x0000002e   Code   RO         4303    x$fpl$dflt          fz_ws.l(dflt_clz.o)
    0x08005af4   0x08005af4   0x00000078   Code   RO         4397    x$fpl$dleqf         fz_ws.l(dleqf.o)
    0x08005b6c   0x08005b6c   0x00000154   Code   RO         4187    x$fpl$dmul          fz_ws.l(dmul.o)
    0x08005cc0   0x08005cc0   0x0000009c   Code   RO         4308    x$fpl$dnaninf       fz_ws.l(dnaninf.o)
    0x08005d5c   0x08005d5c   0x0000000c   Code   RO         4310    x$fpl$dretinf       fz_ws.l(dretinf.o)
    0x08005d68   0x08005d68   0x0000006c   Code   RO         4312    x$fpl$drleqf        fz_ws.l(drleqf.o)
    0x08005dd4   0x08005dd4   0x00000016   Code   RO         4174    x$fpl$drsb          fz_ws.l(daddsub_clz.o)
    0x08005dea   0x08005dea   0x00000002   PAD
    0x08005dec   0x08005dec   0x000001cc   Code   RO         4399    x$fpl$dsqrt         fz_ws.l(dsqrt_noumaal.o)
    0x08005fb8   0x08005fb8   0x000001d4   Code   RO         4175    x$fpl$dsub          fz_ws.l(daddsub_clz.o)
    0x0800618c   0x0800618c   0x00000056   Code   RO         4189    x$fpl$f2d           fz_ws.l(f2d.o)
    0x080061e2   0x080061e2   0x00000002   PAD
    0x080061e4   0x080061e4   0x000000c4   Code   RO         4191    x$fpl$fadd          fz_ws.l(faddsub_clz.o)
    0x080062a8   0x080062a8   0x00000184   Code   RO         4198    x$fpl$fdiv          fz_ws.l(fdiv.o)
    0x0800642c   0x0800642c   0x00000026   Code   RO         4201    x$fpl$ffltu         fz_ws.l(fflt_clz.o)
    0x08006452   0x08006452   0x00000002   PAD
    0x08006454   0x08006454   0x00000102   Code   RO         4207    x$fpl$fmul          fz_ws.l(fmul.o)
    0x08006556   0x08006556   0x0000008c   Code   RO         4314    x$fpl$fnaninf       fz_ws.l(fnaninf.o)
    0x080065e2   0x080065e2   0x0000000a   Code   RO         4316    x$fpl$fretinf       fz_ws.l(fretinf.o)
    0x080065ec   0x080065ec   0x000000ea   Code   RO         4193    x$fpl$fsub          fz_ws.l(faddsub_clz.o)
    0x080066d6   0x080066d6   0x00000004   Code   RO         4318    x$fpl$printf1       fz_ws.l(printf1.o)
    0x080066da   0x080066da   0x00000004   Code   RO         4320    x$fpl$printf2       fz_ws.l(printf2.o)
    0x080066de   0x080066de   0x00000064   Code   RO         4455    x$fpl$retnan        fz_ws.l(retnan.o)
    0x08006742   0x08006742   0x0000005c   Code   RO         4326    x$fpl$scalbn        fz_ws.l(scalbn.o)
    0x0800679e   0x0800679e   0x00000030   Code   RO         4504    x$fpl$trapveneer    fz_ws.l(trapv.o)
    0x080067ce   0x080067ce   0x00000000   Code   RO         4328    x$fpl$usenofp       fz_ws.l(usenofp.o)
    0x080067ce   0x080067ce   0x000007d0   Data   RO         3449    .constdata          oled.o
    0x08006f9e   0x08006f9e   0x00000011   Data   RO         4144    .constdata          c_w.l(__printf_flags_ss_wp.o)
    0x08006faf   0x08006faf   0x00000001   PAD
    0x08006fb0   0x08006fb0   0x00000088   Data   RO         4211    .constdata          m_ws.l(pow.o)
    0x08007038   0x08007038   0x00000008   Data   RO         4244    .constdata          c_w.l(_printf_wctomb.o)
    0x08007040   0x08007040   0x00000028   Data   RO         4273    .constdata          c_w.l(_printf_hex_int_ll_ptr.o)
    0x08007068   0x08007068   0x00000008   Data   RO         4347    .constdata          m_ws.l(qnan.o)
    0x08007070   0x08007070   0x00000026   Data   RO         4381    .constdata          c_w.l(_printf_fp_hex.o)
    0x08007096   0x08007096   0x00000002   PAD
    0x08007098   0x08007098   0x00000094   Data   RO         4413    .constdata          c_w.l(bigflt0.o)
    0x0800712c   0x0800712c   0x00000219   Data   RO         3930    .conststring        main.o
    0x08007345   0x08007345   0x00000003   PAD
    0x08007348   0x08007348   0x00000020   Data   RO         4583    Region$$Table       anon$$obj.o
    0x08007368   0x08007368   0x00000110   Data   RO         4437    locale$$data        c_w.l(lc_ctype_c.o)
    0x08007478   0x08007478   0x0000001c   Data   RO         4440    locale$$data        c_w.l(lc_numeric_c.o)


    Execution Region RW_IRAM1 (Exec base: 0x20000000, Load base: 0x08007494, Size: 0x00000ce0, Max: 0x00005000, ABSOLUTE)

    Exec Addr    Load Addr    Size         Type   Attr      Idx    E Section Name        Object

    0x20000000   0x08007494   0x00000014   Data   RW         1805    .data               stm32f10x_rcc.o
    0x20000014   0x080074a8   0x00000014   Data   RW         3230    .data               timer.o
    0x20000028   0x080074bc   0x00000008   Data   RW         3798    .data               buzzer.o
    0x20000030   0x080074c4   0x00000020   Data   RW         3931    .data               main.o
    0x20000050   0x080074e4   0x00000004   Data   RW         4084    .data               filter.o
    0x20000054        -       0x000000a0   Zero   RW         3229    .bss                timer.o
    0x200000f4        -       0x00000406   Zero   RW         3334    .bss                serial.o
    0x200004fa        -       0x00000180   Zero   RW         3929    .bss                main.o
    0x2000067a   0x080074e8   0x00000002   PAD
    0x2000067c        -       0x00000060   Zero   RW         4357    .bss                c_w.l(libspace.o)
    0x200006dc   0x080074e8   0x00000004   PAD
    0x200006e0        -       0x00000200   Zero   RW            2    HEAP                startup_stm32f10x_md.o
    0x200008e0        -       0x00000400   Zero   RW            1    STACK               startup_stm32f10x_md.o


==============================================================================

Image component sizes


      Code (inc. data)   RO Data    RW Data    ZI Data      Debug   Object Name

       204          8          0          0          0       1766   adcx.o
       232         76          0          8          0       5443   buzzer.o
         0          0          0          0          0       4524   core_cm3.o
        70          0          0          0          0        906   delay.o
       432         24          0          0          0       4234   dht11.o
      1552        582          0          0          0       9834   esp01s.o
       116         14          0          4          0       1620   filter.o
       238         26          0          0          0       1967   ldr.o
      3460       1388        537         32        384       8859   main.o
       132         22          0          0          0     213723   misc.o
       938         28       2000          0          0       8080   oled.o
        92         12          0          0          0        953   relay.o
       812        104          0          0       1030       7882   serial.o
        64         26        236          0       1536        816   startup_stm32f10x_md.o
       394         10          0          0          0      18177   stm32f10x_adc.o
       314          0          0          0          0      12272   stm32f10x_gpio.o
        26          0          0          0          0       3662   stm32f10x_it.o
       300         38          0         20          0      13425   stm32f10x_rcc.o
       252         42          0          0          0      24070   stm32f10x_tim.o
       442          6          0          0          0      11797   stm32f10x_usart.o
       328         28          0          0          0      45141   system_stm32f10x.o
       448         70          0         20        160       2795   timer.o
       152         16          0          0          0       1379   ts.o
        50          4          0          0          0        909   water.o

    ----------------------------------------------------------------------
     11070       2524       2808         84       3112     404234   Object Totals
         0          0         32          0          0          0   (incl. Generated)
        22          0          3          0          2          0   (incl. Padding)

    ----------------------------------------------------------------------

      Code (inc. data)   RO Data    RW Data    ZI Data      Debug   Library Member Name

        56          6          0          0          0         88   __2snprintf.o
        44          6          0          0          0         84   __2sprintf.o
         8          0          0          0          0         68   __main.o
       392          4         17          0          0         92   __printf_flags_ss_wp.o
        14          0          0          0          0         68   __printf_wp.o
         0          0          0          0          0          0   __rtentry.o
        12          0          0          0          0          0   __rtentry2.o
         6          0          0          0          0          0   __rtentry4.o
        52          8          0          0          0          0   __scatter.o
        26          0          0          0          0          0   __scatter_copy.o
        28          0          0          0          0          0   __scatter_zi.o
        28          0          0          0          0         68   _chval.o
         6          0          0          0          0          0   _printf_a.o
         6          0          0          0          0          0   _printf_c.o
        44          0          0          0          0        108   _printf_char.o
        48          6          0          0          0         96   _printf_char_common.o
        40          0          0          0          0         68   _printf_charcount.o
         6          0          0          0          0          0   _printf_d.o
       120         16          0          0          0         92   _printf_dec.o
         6          0          0          0          0          0   _printf_e.o
         6          0          0          0          0          0   _printf_f.o
      1054          0          0          0          0        216   _printf_fp_dec.o
       764          8         38          0          0        100   _printf_fp_hex.o
       128         16          0          0          0         84   _printf_fp_infnan.o
         6          0          0          0          0          0   _printf_g.o
       148          4         40          0          0        160   _printf_hex_int_ll_ptr.o
         6          0          0          0          0          0   _printf_i.o
       178          0          0          0          0         88   _printf_intcommon.o
        10          0          0          0          0          0   _printf_l.o
         6          0          0          0          0          0   _printf_lc.o
        10          0          0          0          0          0   _printf_ll.o
         6          0          0          0          0          0   _printf_lld.o
         6          0          0          0          0          0   _printf_lli.o
         6          0          0          0          0          0   _printf_llo.o
         6          0          0          0          0          0   _printf_llu.o
         6          0          0          0          0          0   _printf_llx.o
       124         16          0          0          0         92   _printf_longlong_dec.o
         6          0          0          0          0          0   _printf_ls.o
         6          0          0          0          0          0   _printf_n.o
         6          0          0          0          0          0   _printf_o.o
       112         10          0          0          0        124   _printf_oct_int_ll.o
         6          0          0          0          0          0   _printf_p.o
        78          0          0          0          0        108   _printf_pad.o
         0          0          0          0          0          0   _printf_percent.o
         4          0          0          0          0          0   _printf_percent_end.o
         6          0          0          0          0          0   _printf_s.o
        82          0          0          0          0         80   _printf_str.o
        36          0          0          0          0         84   _printf_truncate.o
         6          0          0          0          0          0   _printf_u.o
        44          0          0          0          0        108   _printf_wchar.o
       188          6          8          0          0         92   _printf_wctomb.o
         6          0          0          0          0          0   _printf_x.o
        22          0          0          0          0        100   _rserrno.o
        16          0          0          0          0         68   _snputc.o
        10          0          0          0          0         68   _sputc.o
       158          0          0          0          0         92   _strtoul.o
        64          0          0          0          0         92   _wcrtomb.o
        26          0          0          0          0         80   atoi.o
       228          4        148          0          0         96   bigflt0.o
      1936        128          0          0          0        672   btod.o
        18          0          0          0          0         80   exit.o
         6          0          0          0          0        152   heapauxi.o
         0          0          0          0          0          0   indicate_semi.o
        44         10        272          0          0         76   lc_ctype_c.o
        44         10         28          0          0         76   lc_numeric_c.o
         2          0          0          0          0          0   libinit.o
        30          0          0          0          0          0   libinit2.o
         2          0          0          0          0          0   libshutdown.o
         2          0          0          0          0          0   libshutdown2.o
         8          4          0          0         96         68   libspace.o
       138          0          0          0          0         80   lludiv10.o
        16          4          0          0          0         76   rt_ctype_table.o
         8          4          0          0          0         68   rt_errno_addr_intlibspace.o
         8          4          0          0          0         68   rt_locale_intlibspace.o
        68          0          0          0          0         68   rt_memclr.o
        78          0          0          0          0         80   rt_memclr_w.o
       138          0          0          0          0         68   rt_memcpy_v6.o
       100          0          0          0          0         80   rt_memcpy_w.o
         2          0          0          0          0          0   rtexit.o
        10          0          0          0          0          0   rtexit2.o
        20          0          0          0          0         68   strchr.o
       128          0          0          0          0         68   strcmpv7m.o
        72          0          0          0          0         80   strcpy.o
        32          0          0          0          0         80   strcspn.o
        86          0          0          0          0         76   strncpy.o
        28          0          0          0          0         80   strspn.o
        36          0          0          0          0         80   strstr.o
        68          4          0          0          0         84   strtok_int.o
         4          0          0          0          0         68   strtok_r.o
       112          0          0          0          0         88   strtol.o
        12          4          0          0          0         68   sys_exit.o
        74          0          0          0          0         80   sys_stackheap_outer.o
         2          0          0          0          0         68   use_no_semi.o
        36          4          0          0          0         76   vsprintf.o
       826         16          0          0          0        348   daddsub_clz.o
        16          4          0          0          0         68   dcheck1.o
        24          0          0          0          0         68   dcmpi.o
       688        140          0          0          0        208   ddiv.o
        90          4          0          0          0         92   dfixu.o
        46          0          0          0          0         68   dflt_clz.o
       120          4          0          0          0         92   dleqf.o
       340         12          0          0          0        104   dmul.o
       156          4          0          0          0         92   dnaninf.o
        12          0          0          0          0         68   dretinf.o
       108          0          0          0          0         80   drleqf.o
       460         56          0          0          0        120   dsqrt_noumaal.o
        86          4          0          0          0         84   f2d.o
       430          8          0          0          0        168   faddsub_clz.o
       388         76          0          0          0         96   fdiv.o
        38          0          0          0          0         68   fflt_clz.o
       258          4          0          0          0         84   fmul.o
       140          4          0          0          0         84   fnaninf.o
        10          0          0          0          0         68   fretinf.o
         4          0          0          0          0         68   printf1.o
         4          0          0          0          0         68   printf2.o
       100          0          0          0          0         68   retnan.o
        92          0          0          0          0         68   scalbn.o
        48          0          0          0          0         68   trapv.o
         0          0          0          0          0          0   usenofp.o
        62         10          0          0          0        340   dunder.o
        40          0          0          0          0         68   fpclassify.o
       170          0          0          0          0         96   poly.o
      2520        190        136          0          0        324   pow.o
         0          0          8          0          0          0   qnan.o
        76          0          0          0          0         84   sqrt.o

    ----------------------------------------------------------------------
     15268        822        698          0        100       8852   Library Totals
        26          0          3          0          4          0   (incl. Padding)

    ----------------------------------------------------------------------

      Code (inc. data)   RO Data    RW Data    ZI Data      Debug   Library Name

      7890        286        551          0         96       5540   c_w.l
      4484        336          0          0          0       2400   fz_ws.l
      2868        200        144          0          0        912   m_ws.l

    ----------------------------------------------------------------------
     15268        822        698          0        100       8852   Library Totals

    ----------------------------------------------------------------------

==============================================================================


      Code (inc. data)   RO Data    RW Data    ZI Data      Debug   

     26338       3346       3506         84       3212     401226   Grand Totals
     26338       3346       3506         84       3212     401226   ELF Image Totals
     26338       3346       3506         84          0          0   ROM Totals

==============================================================================

    Total RO  Size (Code + RO Data)                29844 (  29.14kB)
    Total RW  Size (RW Data + ZI Data)              3296 (   3.22kB)
    Total ROM Size (Code + RO Data + RW Data)      29928 (  29.23kB)

==============================================================================

